Component: ARM Compiler 5.06 update 7 (build 960) Tool: armlink [4d3601]

==============================================================================

Section Cross References

    startup_stm32f405xx.o(RESET) refers to startup_stm32f405xx.o(STACK) for __initial_sp
    startup_stm32f405xx.o(RESET) refers to startup_stm32f405xx.o(.text) for Reset_Handler
    startup_stm32f405xx.o(RESET) refers to stm32f4xx_it.o(i.NMI_Handler) for NMI_Handler
    startup_stm32f405xx.o(RESET) refers to stm32f4xx_it.o(i.HardFault_Handler) for HardFault_Handler
    startup_stm32f405xx.o(RESET) refers to stm32f4xx_it.o(i.MemManage_Handler) for MemManage_Handler
    startup_stm32f405xx.o(RESET) refers to stm32f4xx_it.o(i.BusFault_Handler) for BusFault_Handler
    startup_stm32f405xx.o(RESET) refers to stm32f4xx_it.o(i.UsageFault_Handler) for UsageFault_Handler
    startup_stm32f405xx.o(RESET) refers to port.o(.emb_text) for SVC_Handler
    startup_stm32f405xx.o(RESET) refers to stm32f4xx_it.o(i.DebugMon_Handler) for DebugMon_Handler
    startup_stm32f405xx.o(RESET) refers to port.o(i.SysTick_Handler) for SysTick_Handler
    startup_stm32f405xx.o(RESET) refers to stm32f4xx_it.o(i.DMA1_Stream4_IRQHandler) for DMA1_Stream4_IRQHandler
    startup_stm32f405xx.o(RESET) refers to stm32f4xx_it.o(i.DMA1_Stream5_IRQHandler) for DMA1_Stream5_IRQHandler
    startup_stm32f405xx.o(RESET) refers to stm32f4xx_it.o(i.CAN1_RX0_IRQHandler) for CAN1_RX0_IRQHandler
    startup_stm32f405xx.o(RESET) refers to stm32f4xx_it.o(i.CAN1_RX1_IRQHandler) for CAN1_RX1_IRQHandler
    startup_stm32f405xx.o(RESET) refers to stm32f4xx_it.o(i.TIM1_UP_TIM10_IRQHandler) for TIM1_UP_TIM10_IRQHandler
    startup_stm32f405xx.o(RESET) refers to stm32f4xx_it.o(i.USART2_IRQHandler) for USART2_IRQHandler
    startup_stm32f405xx.o(RESET) refers to stm32f4xx_it.o(i.UART4_IRQHandler) for UART4_IRQHandler
    startup_stm32f405xx.o(RESET) refers to stm32f4xx_it.o(i.CAN2_RX0_IRQHandler) for CAN2_RX0_IRQHandler
    startup_stm32f405xx.o(RESET) refers to stm32f4xx_it.o(i.CAN2_RX1_IRQHandler) for CAN2_RX1_IRQHandler
    startup_stm32f405xx.o(.text) refers to system_stm32f4xx.o(i.SystemInit) for SystemInit
    startup_stm32f405xx.o(.text) refers to entry.o(.ARM.Collect$$$$00000000) for __main
    main.o(i.Get_DR16_Data) refers to main.o(.bss) for RC_CtrlData
    main.o(i.HAL_TIM_PeriodElapsedCallback) refers to stm32f4xx_hal.o(i.HAL_IncTick) for HAL_IncTick
    main.o(i.SystemClock_Config) refers to memseta.o(.text) for __aeabi_memclr4
    main.o(i.SystemClock_Config) refers to stm32f4xx_hal_rcc.o(i.HAL_RCC_OscConfig) for HAL_RCC_OscConfig
    main.o(i.SystemClock_Config) refers to main.o(i.Error_Handler) for Error_Handler
    main.o(i.SystemClock_Config) refers to stm32f4xx_hal_rcc.o(i.HAL_RCC_ClockConfig) for HAL_RCC_ClockConfig
    main.o(i.main) refers to stm32f4xx_hal.o(i.HAL_Init) for HAL_Init
    main.o(i.main) refers to main.o(i.SystemClock_Config) for SystemClock_Config
    main.o(i.main) refers to gpio.o(i.MX_GPIO_Init) for MX_GPIO_Init
    main.o(i.main) refers to dma.o(i.MX_DMA_Init) for MX_DMA_Init
    main.o(i.main) refers to can.o(i.MX_CAN1_Init) for MX_CAN1_Init
    main.o(i.main) refers to can.o(i.MX_CAN2_Init) for MX_CAN2_Init
    main.o(i.main) refers to usart.o(i.MX_USART2_UART_Init) for MX_USART2_UART_Init
    main.o(i.main) refers to usart.o(i.MX_UART4_Init) for MX_UART4_Init
    main.o(i.main) refers to tim.o(i.MX_TIM2_Init) for MX_TIM2_Init
    main.o(i.main) refers to bsp_can.o(i.can_filter_init) for can_filter_init
    main.o(i.main) refers to pid.o(i.PID_init) for PID_init
    main.o(i.main) refers to stm32f4xx_hal_uart.o(i.HAL_UART_Receive_DMA) for HAL_UART_Receive_DMA
    main.o(i.main) refers to stm32f4xx_hal_tim.o(i.HAL_TIM_PWM_Start) for HAL_TIM_PWM_Start
    main.o(i.main) refers to mpu6050.o(i.MPU_Init) for MPU_Init
    main.o(i.main) refers to inv_mpu.o(i.mpu_dmp_init) for mpu_dmp_init
    main.o(i.main) refers to printf8.o(i.__0printf$8) for __2printf
    main.o(i.main) refers to freertos.o(i.MX_FREERTOS_Init) for MX_FREERTOS_Init
    main.o(i.main) refers to cmsis_os.o(i.osKernelStart) for osKernelStart
    main.o(i.main) refers to main.o(.data) for Omega3_pid
    main.o(i.main) refers to main.o(.bss) for pid_omega
    main.o(i.main) refers to usart.o(.bss) for huart2
    main.o(i.main) refers to tim.o(.bss) for htim2
    gpio.o(i.MX_GPIO_Init) refers to memseta.o(.text) for __aeabi_memclr4
    gpio.o(i.MX_GPIO_Init) refers to stm32f4xx_hal_gpio.o(i.HAL_GPIO_WritePin) for HAL_GPIO_WritePin
    gpio.o(i.MX_GPIO_Init) refers to stm32f4xx_hal_gpio.o(i.HAL_GPIO_Init) for HAL_GPIO_Init
    freertos.o(i.Complementary_Filter_x) refers to freertos.o(.data) for angle
    freertos.o(i.IMUwuhu) refers to cmsis_os.o(i.osDelay) for osDelay
    freertos.o(i.IMUwuhu) refers to inv_mpu.o(i.mpu_dmp_get_data) for mpu_dmp_get_data
    freertos.o(i.IMUwuhu) refers to mpu6050.o(i.MPU_Get_Accelerometer) for MPU_Get_Accelerometer
[...]
    OTG_FS_WKUP_IRQHandler                   0x0800027b   Thumb Code     0  startup_stm32f405xx.o(.text)
    OTG_HS_EP1_IN_IRQHandler                 0x0800027b   Thumb Code     0  startup_stm32f405xx.o(.text)
    OTG_HS_EP1_OUT_IRQHandler                0x0800027b   Thumb Code     0  startup_stm32f405xx.o(.text)
    OTG_HS_IRQHandler                        0x0800027b   Thumb Code     0  startup_stm32f405xx.o(.text)
    OTG_HS_WKUP_IRQHandler                   0x0800027b   Thumb Code     0  startup_stm32f405xx.o(.text)
    PVD_IRQHandler                           0x0800027b   Thumb Code     0  startup_stm32f405xx.o(.text)
    RCC_IRQHandler                           0x0800027b   Thumb Code     0  startup_stm32f405xx.o(.text)
    RTC_Alarm_IRQHandler                     0x0800027b   Thumb Code     0  startup_stm32f405xx.o(.text)
    RTC_WKUP_IRQHandler                      0x0800027b   Thumb Code     0  startup_stm32f405xx.o(.text)
    SDIO_IRQHandler                          0x0800027b   Thumb Code     0  startup_stm32f405xx.o(.text)
    SPI1_IRQHandler                          0x0800027b   Thumb Code     0  startup_stm32f405xx.o(.text)
    SPI2_IRQHandler                          0x0800027b   Thumb Code     0  startup_stm32f405xx.o(.text)
    SPI3_IRQHandler                          0x0800027b   Thumb Code     0  startup_stm32f405xx.o(.text)
    TAMP_STAMP_IRQHandler                    0x0800027b   Thumb Code     0  startup_stm32f405xx.o(.text)
    TIM1_BRK_TIM9_IRQHandler                 0x0800027b   Thumb Code     0  startup_stm32f405xx.o(.text)
    TIM1_CC_IRQHandler                       0x0800027b   Thumb Code     0  startup_stm32f405xx.o(.text)
    TIM1_TRG_COM_TIM11_IRQHandler            0x0800027b   Thumb Code     0  startup_stm32f405xx.o(.text)
    TIM2_IRQHandler                          0x0800027b   Thumb Code     0  startup_stm32f405xx.o(.text)
    TIM3_IRQHandler                          0x0800027b   Thumb Code     0  startup_stm32f405xx.o(.text)
    TIM4_IRQHandler                          0x0800027b   Thumb Code     0  startup_stm32f405xx.o(.text)
    TIM5_IRQHandler                          0x0800027b   Thumb Code     0  startup_stm32f405xx.o(.text)
    TIM6_DAC_IRQHandler                      0x0800027b   Thumb Code     0  startup_stm32f405xx.o(.text)
    TIM7_IRQHandler                          0x0800027b   Thumb Code     0  startup_stm32f405xx.o(.text)
    TIM8_BRK_TIM12_IRQHandler                0x0800027b   Thumb Code     0  startup_stm32f405xx.o(.text)
    TIM8_CC_IRQHandler                       0x0800027b   Thumb Code     0  startup_stm32f405xx.o(.text)
    TIM8_TRG_COM_TIM14_IRQHandler            0x0800027b   Thumb Code     0  startup_stm32f405xx.o(.text)
    TIM8_UP_TIM13_IRQHandler                 0x0800027b   Thumb Code     0  startup_stm32f405xx.o(.text)
    UART5_IRQHandler                         0x0800027b   Thumb Code     0  startup_stm32f405xx.o(.text)
    USART1_IRQHandler                        0x0800027b   Thumb Code     0  startup_stm32f405xx.o(.text)
    USART3_IRQHandler                        0x0800027b   Thumb Code     0  startup_stm32f405xx.o(.text)
    USART6_IRQHandler                        0x0800027b   Thumb Code     0  startup_stm32f405xx.o(.text)
    WWDG_IRQHandler                          0x0800027b   Thumb Code     0  startup_stm32f405xx.o(.text)
    __aeabi_uldivmod                         0x08000285   Thumb Code    98  uldiv.o(.text)
    __aeabi_ldivmod                          0x080002e7   Thumb Code    98  ldiv.o(.text)
    __aeabi_memcpy                           0x08000349   Thumb Code    36  memcpya.o(.text)
    __aeabi_memcpy4                          0x08000349   Thumb Code     0  memcpya.o(.text)
    __aeabi_memcpy8                          0x08000349   Thumb Code     0  memcpya.o(.text)
    __aeabi_memset                           0x0800036d   Thumb Code    14  memseta.o(.text)
    __aeabi_memset4                          0x0800036d   Thumb Code     0  memseta.o(.text)
    __aeabi_memset8                          0x0800036d   Thumb Code     0  memseta.o(.text)
    __aeabi_memclr                           0x0800037b   Thumb Code     4  memseta.o(.text)
    __aeabi_memclr4                          0x0800037b   Thumb Code     0  memseta.o(.text)
    __aeabi_memclr8                          0x0800037b   Thumb Code     0  memseta.o(.text)
    memset                                   0x0800037f   Thumb Code    18  memseta.o(.text)
    memcmp                                   0x08000391   Thumb Code    26  memcmp.o(.text)
    __aeabi_dadd                             0x080003ab   Thumb Code   322  dadd.o(.text)
    __aeabi_dsub                             0x080004ed   Thumb Code     6  dadd.o(.text)
    __aeabi_drsub                            0x080004f3   Thumb Code     6  dadd.o(.text)
    __aeabi_dmul                             0x080004f9   Thumb Code   228  dmul.o(.text)
    __aeabi_ddiv                             0x080005dd   Thumb Code   222  ddiv.o(.text)
    __aeabi_i2d                              0x080006bb   Thumb Code    34  dflti.o(.text)
    __aeabi_f2d                              0x080006dd   Thumb Code    38  f2d.o(.text)
    __aeabi_d2f                              0x08000703   Thumb Code    56  d2f.o(.text)
    __aeabi_llsl                             0x0800073b   Thumb Code    30  llshl.o(.text)
    _ll_shift_l                              0x0800073b   Thumb Code     0  llshl.o(.text)
    __aeabi_llsr                             0x08000759   Thumb Code    32  llushr.o(.text)
    _ll_ushift_r                             0x08000759   Thumb Code     0  llushr.o(.text)
    __aeabi_lasr                             0x08000779   Thumb Code    36  llsshr.o(.text)
    _ll_sshift_r                             0x08000779   Thumb Code     0  llsshr.o(.text)
    __I$use$fp                               0x0800079d   Thumb Code     0  iusefp.o(.text)
    _float_round                             0x0800079d   Thumb Code    18  fepilogue.o(.text)
    _float_epilogue                          0x080007af   Thumb Code    92  fepilogue.o(.text)
    _double_round                            0x0800080b   Thumb Code    30  depilogue.o(.text)
    _double_epilogue                         0x08000829   Thumb Code   156  depilogue.o(.text)
    __aeabi_cdcmpeq                          0x080008c5   Thumb Code     0  cdcmple.o(.text)
    __aeabi_cdcmple                          0x080008c5   Thumb Code    48  cdcmple.o(.text)
    __scatterload                            0x080008f5   Thumb Code    28  init.o(.text)
    __scatterload_rt2                        0x080008f5   Thumb Code     0  init.o(.text)
    _dsqrt                                   0x08000919   Thumb Code   162  dsqrt.o(.text)
    __decompress                             0x080009bb   Thumb Code     0  __dczerorl2.o(.text)
    __decompress1                            0x080009bb   Thumb Code    86  __dczerorl2.o(.text)
    BusFault_Handler                         0x08000a11   Thumb Code     4  stm32f4xx_it.o(i.BusFault_Handler)
    CAN1_RX0_IRQHandler                      0x08000a15   Thumb Code    10  stm32f4xx_it.o(i.CAN1_RX0_IRQHandler)
    CAN1_RX1_IRQHandler                      0x08000a25   Thumb Code    10  stm32f4xx_it.o(i.CAN1_RX1_IRQHandler)
    CAN1_cmd_gimbal                          0x08000a35   Thumb Code    68  can_receive.o(i.CAN1_cmd_gimbal)
    CAN2_RX0_IRQHandler                      0x08000a85   Thumb Code    10  stm32f4xx_it.o(i.CAN2_RX0_IRQHandler)
    CAN2_RX1_IRQHandler                      0x08000a95   Thumb Code    10  stm32f4xx_it.o(i.CAN2_RX1_IRQHandler)
    CAN2_cmd_gimbal                          0x08000aa5   Thumb Code    68  can_receive.o(i.CAN2_cmd_gimbal)
    CAN_cmd_chassis                          0x08000af5   Thumb Code    68  can_receive.o(i.CAN_cmd_chassis)
    Complementary_Filter_x                   0x08000b45   Thumb Code    56  freertos.o(i.Complementary_Filter_x)
    DMA1_Stream4_IRQHandler                  0x08000b89   Thumb Code    10  stm32f4xx_it.o(i.DMA1_Stream4_IRQHandler)
    DMA1_Stream5_IRQHandler                  0x08000b99   Thumb Code    10  stm32f4xx_it.o(i.DMA1_Stream5_IRQHandler)
    DebugMon_Handler                         0x08000cb3   Thumb Code     2  stm32f4xx_it.o(i.DebugMon_Handler)
    Error_Handler                            0x08000cb5   Thumb Code     6  main.o(i.Error_Handler)
    Get_DR16_Data                            0x08000cbd   Thumb Code   200  main.o(i.Get_DR16_Data)
    HAL_CAN_ActivateNotification             0x08000d89   Thumb Code    42  stm32f4xx_hal_can.o(i.HAL_CAN_ActivateNotification)
    HAL_CAN_AddTxMessage                     0x08000db3   Thumb Code   342  stm32f4xx_hal_can.o(i.HAL_CAN_AddTxMessage)
    HAL_CAN_ConfigFilter                     0x08000f09   Thumb Code   286  stm32f4xx_hal_can.o(i.HAL_CAN_ConfigFilter)
    HAL_CAN_ErrorCallback                    0x0800102d   Thumb Code     2  stm32f4xx_hal_can.o(i.HAL_CAN_ErrorCallback)
    HAL_CAN_GetRxMessage                     0x0800102f   Thumb Code   378  stm32f4xx_hal_can.o(i.HAL_CAN_GetRxMessage)
    HAL_CAN_IRQHandler                       0x080011a9   Thumb Code   590  stm32f4xx_hal_can.o(i.HAL_CAN_IRQHandler)
    HAL_CAN_Init                             0x080013f7   Thumb Code   372  stm32f4xx_hal_can.o(i.HAL_CAN_Init)
    HAL_CAN_MspInit                          0x0800156d   Thumb Code   364  can.o(i.HAL_CAN_MspInit)
    HAL_CAN_RxFifo0FullCallback              0x080016f1   Thumb Code     2  stm32f4xx_hal_can.o(i.HAL_CAN_RxFifo0FullCallback)
    HAL_CAN_RxFifo0MsgPendingCallback        0x080016f5   Thumb Code   220  can_receive.o(i.HAL_CAN_RxFifo0MsgPendingCallback)
    HAL_CAN_RxFifo1FullCallback              0x080017e1   Thumb Code     2  stm32f4xx_hal_can.o(i.HAL_CAN_RxFifo1FullCallback)
    HAL_CAN_RxFifo1MsgPendingCallback        0x080017e3   Thumb Code     2  stm32f4xx_hal_can.o(i.HAL_CAN_RxFifo1MsgPendingCallback)
    HAL_CAN_SleepCallback                    0x080017e5   Thumb Code     2  stm32f4xx_hal_can.o(i.HAL_CAN_SleepCallback)
    HAL_CAN_Start                            0x080017e7   Thumb Code    94  stm32f4xx_hal_can.o(i.HAL_CAN_Start)
    HAL_CAN_TxMailbox0AbortCallback          0x08001845   Thumb Code     2  stm32f4xx_hal_can.o(i.HAL_CAN_TxMailbox0AbortCallback)
    HAL_CAN_TxMailbox0CompleteCallback       0x08001847   Thumb Code     2  stm32f4xx_hal_can.o(i.HAL_CAN_TxMailbox0CompleteCallback)
    HAL_CAN_TxMailbox1AbortCallback          0x08001849   Thumb Code     2  stm32f4xx_hal_can.o(i.HAL_CAN_TxMailbox1AbortCallback)
    HAL_CAN_TxMailbox1CompleteCallback       0x0800184b   Thumb Code     2  stm32f4xx_hal_can.o(i.HAL_CAN_TxMailbox1CompleteCallback)
    HAL_CAN_TxMailbox2AbortCallback          0x0800184d   Thumb Code     2  stm32f4xx_hal_can.o(i.HAL_CAN_TxMailbox2AbortCallback)
    HAL_CAN_TxMailbox2CompleteCallback       0x0800184f   Thumb Code     2  stm32f4xx_hal_can.o(i.HAL_CAN_TxMailbox2CompleteCallback)
    HAL_CAN_WakeUpFromRxMsgCallback          0x08001851   Thumb Code     2  stm32f4xx_hal_can.o(i.HAL_CAN_WakeUpFromRxMsgCallback)
    HAL_DMA_Abort                            0x08001853   Thumb Code   172  stm32f4xx_hal_dma.o(i.HAL_DMA_Abort)
    HAL_DMA_Abort_IT                         0x080018ff   Thumb Code    40  stm32f4xx_hal_dma.o(i.HAL_DMA_Abort_IT)
    HAL_DMA_IRQHandler                       0x08001929   Thumb Code   570  stm32f4xx_hal_dma.o(i.HAL_DMA_IRQHandler)
    HAL_DMA_Init                             0x08001b69   Thumb Code   232  stm32f4xx_hal_dma.o(i.HAL_DMA_Init)
    HAL_DMA_Start_IT                         0x08001c55   Thumb Code   146  stm32f4xx_hal_dma.o(i.HAL_DMA_Start_IT)
    HAL_Delay                                0x08001ce9   Thumb Code    36  stm32f4xx_hal.o(i.HAL_Delay)
    HAL_GPIO_Init                            0x08001d11   Thumb Code   454  stm32f4xx_hal_gpio.o(i.HAL_GPIO_Init)
    HAL_GPIO_ReadPin                         0x08001f05   Thumb Code    16  stm32f4xx_hal_gpio.o(i.HAL_GPIO_ReadPin)
    HAL_GPIO_WritePin                        0x08001f15   Thumb Code    12  stm32f4xx_hal_gpio.o(i.HAL_GPIO_WritePin)
    HAL_GetTick                              0x08001f21   Thumb Code     6  stm32f4xx_hal.o(i.HAL_GetTick)
    HAL_IncTick                              0x08001f2d   Thumb Code    16  stm32f4xx_hal.o(i.HAL_IncTick)
    HAL_Init                                 0x08001f45   Thumb Code    54  stm32f4xx_hal.o(i.HAL_Init)
    HAL_InitTick                             0x08001f81   Thumb Code   140  stm32f4xx_hal_timebase_tim.o(i.HAL_InitTick)
    HAL_MspInit                              0x08002021   Thumb Code    78  stm32f4xx_hal_msp.o(i.HAL_MspInit)
    HAL_NVIC_EnableIRQ                       0x08002075   Thumb Code    32  stm32f4xx_hal_cortex.o(i.HAL_NVIC_EnableIRQ)
    HAL_NVIC_SetPriority                     0x08002095   Thumb Code   124  stm32f4xx_hal_cortex.o(i.HAL_NVIC_SetPriority)
    HAL_NVIC_SetPriorityGrouping             0x08002111   Thumb Code    32  stm32f4xx_hal_cortex.o(i.HAL_NVIC_SetPriorityGrouping)
    HAL_RCC_ClockConfig                      0x08002139   Thumb Code   368  stm32f4xx_hal_rcc.o(i.HAL_RCC_ClockConfig)
    HAL_RCC_GetClockConfig                   0x080022bd   Thumb Code    58  stm32f4xx_hal_rcc.o(i.HAL_RCC_GetClockConfig)
    HAL_RCC_GetHCLKFreq                      0x08002301   Thumb Code     6  stm32f4xx_hal_rcc.o(i.HAL_RCC_GetHCLKFreq)
    HAL_RCC_GetPCLK1Freq                     0x0800230d   Thumb Code    22  stm32f4xx_hal_rcc.o(i.HAL_RCC_GetPCLK1Freq)
    HAL_RCC_GetPCLK2Freq                     0x0800232d   Thumb Code    22  stm32f4xx_hal_rcc.o(i.HAL_RCC_GetPCLK2Freq)
    HAL_RCC_GetSysClockFreq                  0x0800234d   Thumb Code   162  stm32f4xx_hal_rcc.o(i.HAL_RCC_GetSysClockFreq)
    HAL_RCC_OscConfig                        0x080023fd   Thumb Code  1172  stm32f4xx_hal_rcc.o(i.HAL_RCC_OscConfig)
    HAL_TIMEx_BreakCallback                  0x08002899   Thumb Code     2  stm32f4xx_hal_tim_ex.o(i.HAL_TIMEx_BreakCallback)
    HAL_TIMEx_CommutCallback                 0x0800289b   Thumb Code     2  stm32f4xx_hal_tim_ex.o(i.HAL_TIMEx_CommutCallback)
    HAL_TIMEx_MasterConfigSynchronization    0x0800289d   Thumb Code   150  stm32f4xx_hal_tim_ex.o(i.HAL_TIMEx_MasterConfigSynchronization)
    HAL_TIM_Base_Init                        0x08002951   Thumb Code   102  stm32f4xx_hal_tim.o(i.HAL_TIM_Base_Init)
    HAL_TIM_Base_MspInit                     0x080029b9   Thumb Code    44  tim.o(i.HAL_TIM_Base_MspInit)
    HAL_TIM_Base_Start_IT                    0x080029e9   Thumb Code   138  stm32f4xx_hal_tim.o(i.HAL_TIM_Base_Start_IT)
    HAL_TIM_ConfigClockSource                0x08002a91   Thumb Code   268  stm32f4xx_hal_tim.o(i.HAL_TIM_ConfigClockSource)
    HAL_TIM_IC_CaptureCallback               0x08002b9d   Thumb Code     2  stm32f4xx_hal_tim.o(i.HAL_TIM_IC_CaptureCallback)
    HAL_TIM_IRQHandler                       0x08002b9f   Thumb Code   406  stm32f4xx_hal_tim.o(i.HAL_TIM_IRQHandler)
    HAL_TIM_MspPostInit                      0x08002d35   Thumb Code    82  tim.o(i.HAL_TIM_MspPostInit)
    HAL_TIM_OC_DelayElapsedCallback          0x08002d91   Thumb Code     2  stm32f4xx_hal_tim.o(i.HAL_TIM_OC_DelayElapsedCallback)
    HAL_TIM_PWM_ConfigChannel                0x08002d93   Thumb Code   260  stm32f4xx_hal_tim.o(i.HAL_TIM_PWM_ConfigChannel)
    HAL_TIM_PWM_Init                         0x08002e97   Thumb Code   102  stm32f4xx_hal_tim.o(i.HAL_TIM_PWM_Init)
    HAL_TIM_PWM_MspInit                      0x08002efd   Thumb Code     2  stm32f4xx_hal_tim.o(i.HAL_TIM_PWM_MspInit)
    HAL_TIM_PWM_PulseFinishedCallback        0x08002eff   Thumb Code     2  stm32f4xx_hal_tim.o(i.HAL_TIM_PWM_PulseFinishedCallback)
    HAL_TIM_PWM_Start                        0x08002f01   Thumb Code   238  stm32f4xx_hal_tim.o(i.HAL_TIM_PWM_Start)
    HAL_TIM_PeriodElapsedCallback            0x0800300d   Thumb Code    18  main.o(i.HAL_TIM_PeriodElapsedCallback)
    HAL_TIM_TriggerCallback                  0x08003025   Thumb Code     2  stm32f4xx_hal_tim.o(i.HAL_TIM_TriggerCallback)
    HAL_UARTEx_RxEventCallback               0x08003027   Thumb Code     2  stm32f4xx_hal_uart.o(i.HAL_UARTEx_RxEventCallback)
    HAL_UART_DMAStop                         0x08003029   Thumb Code   138  stm32f4xx_hal_uart.o(i.HAL_UART_DMAStop)
    HAL_UART_ErrorCallback                   0x080030b3   Thumb Code     2  stm32f4xx_hal_uart.o(i.HAL_UART_ErrorCallback)
    HAL_UART_IRQHandler                      0x080030b5   Thumb Code   732  stm32f4xx_hal_uart.o(i.HAL_UART_IRQHandler)
    HAL_UART_Init                            0x08003395   Thumb Code   114  stm32f4xx_hal_uart.o(i.HAL_UART_Init)
    HAL_UART_MspInit                         0x08003409   Thumb Code   406  usart.o(i.HAL_UART_MspInit)
    HAL_UART_Receive_DMA                     0x080035c1   Thumb Code    66  stm32f4xx_hal_uart.o(i.HAL_UART_Receive_DMA)
    HAL_UART_RxCpltCallback                  0x08003603   Thumb Code     2  stm32f4xx_hal_uart.o(i.HAL_UART_RxCpltCallback)
    HAL_UART_RxHalfCpltCallback              0x08003605   Thumb Code     2  stm32f4xx_hal_uart.o(i.HAL_UART_RxHalfCpltCallback)
    HAL_UART_Transmit                        0x08003607   Thumb Code   210  stm32f4xx_hal_uart.o(i.HAL_UART_Transmit)
    HAL_UART_TxCpltCallback                  0x080036d9   Thumb Code     2  stm32f4xx_hal_uart.o(i.HAL_UART_TxCpltCallback)
    HardFault_Handler                        0x080036db   Thumb Code     4  stm32f4xx_it.o(i.HardFault_Handler)
    IIC_Ack                                  0x080036e1   Thumb Code    56  iic.o(i.IIC_Ack)
    IIC_GPIO_Init                            0x0800372d   Thumb Code    64  iic.o(i.IIC_GPIO_Init)
    IIC_NAck                                 0x08003775   Thumb Code    46  iic.o(i.IIC_NAck)
    IIC_Read_Byte                            0x080037a9   Thumb Code    80  iic.o(i.IIC_Read_Byte)
    IIC_Send_Byte                            0x080037fd   Thumb Code    96  iic.o(i.IIC_Send_Byte)
    IIC_Start                                0x08003861   Thumb Code    56  iic.o(i.IIC_Start)
    IIC_Stop                                 0x0800389d   Thumb Code    38  iic.o(i.IIC_Stop)
    IIC_Wait_Ack                             0x080038c9   Thumb Code    64  iic.o(i.IIC_Wait_Ack)
    IMUwuhu                                  0x0800390d   Thumb Code    52  freertos.o(i.IMUwuhu)
    MPU_Get_Accelerometer                    0x08003965   Thumb Code    80  mpu6050.o(i.MPU_Get_Accelerometer)
    MPU_Get_Gyroscope                        0x080039b5   Thumb Code    80  mpu6050.o(i.MPU_Get_Gyroscope)
    MPU_Init                                 0x08003a05   Thumb Code   122  mpu6050.o(i.MPU_Init)
    MPU_Read_Byte                            0x08003a7f   Thumb Code    58  mpu6050.o(i.MPU_Read_Byte)
    MPU_Read_Len                             0x08003ab9   Thumb Code   116  mpu6050.o(i.MPU_Read_Len)
    MPU_Set_Accel_Fsr                        0x08003b2d   Thumb Code    16  mpu6050.o(i.MPU_Set_Accel_Fsr)
    MPU_Set_Gyro_Fsr                         0x08003b3d   Thumb Code    16  mpu6050.o(i.MPU_Set_Gyro_Fsr)
    MPU_Set_LPF                              0x08003b4d   Thumb Code    58  mpu6050.o(i.MPU_Set_LPF)
    MPU_Set_Rate                             0x08003b87   Thumb Code    58  mpu6050.o(i.MPU_Set_Rate)
    MPU_Write_Byte                           0x08003bc1   Thumb Code    68  mpu6050.o(i.MPU_Write_Byte)
    MPU_Write_Len                            0x08003c05   Thumb Code    96  mpu6050.o(i.MPU_Write_Len)
    MX_CAN1_Init                             0x08003c65   Thumb Code    62  can.o(i.MX_CAN1_Init)
    MX_CAN2_Init                             0x08003cad   Thumb Code    62  can.o(i.MX_CAN2_Init)
    MX_DMA_Init                              0x08003cf5   Thumb Code    68  dma.o(i.MX_DMA_Init)
    MX_FREERTOS_Init                         0x08003d3d   Thumb Code   246  freertos.o(i.MX_FREERTOS_Init)
    MX_GPIO_Init                             0x08003e61   Thumb Code   288  gpio.o(i.MX_GPIO_Init)
    MX_TIM2_Init                             0x08003f95   Thumb Code   156  tim.o(i.MX_TIM2_Init)
    MX_UART4_Init                            0x08004035   Thumb Code    46  usart.o(i.MX_UART4_Init)
    MX_USART2_UART_Init                      0x0800406d   Thumb Code    52  usart.o(i.MX_USART2_UART_Init)
    MemManage_Handler                        0x080040ad   Thumb Code     4  stm32f4xx_it.o(i.MemManage_Handler)
    NMI_Handler                              0x080040b1   Thumb Code     4  stm32f4xx_it.o(i.NMI_Handler)
    PID_calc                                 0x080040b5   Thumb Code   660  pid.o(i.PID_calc)
    PID_init                                 0x08004359   Thumb Code    92  pid.o(i.PID_init)
    StartDefaultTask                         0x080043b9   Thumb Code    10  freertos.o(i.StartDefaultTask)
    StartTask06                              0x080043c5   Thumb Code   212  freertos.o(i.StartTask06)
    StartTask07                              0x080044b5   Thumb Code    96  freertos.o(i.StartTask07)
    SysTick_Handler                          0x08004525   Thumb Code    46  port.o(i.SysTick_Handler)
    SystemClock_Config                       0x08004559   Thumb Code   172  main.o(i.SystemClock_Config)
    SystemInit                               0x0800460d   Thumb Code    14  system_stm32f4xx.o(i.SystemInit)
    TIM1_UP_TIM10_IRQHandler                 0x08004621   Thumb Code    10  stm32f4xx_it.o(i.TIM1_UP_TIM10_IRQHandler)
    TIM_Base_SetConfig                       0x08004631   Thumb Code   170  stm32f4xx_hal_tim.o(i.TIM_Base_SetConfig)
    TIM_CCxChannelCmd                        0x08004709   Thumb Code    34  stm32f4xx_hal_tim.o(i.TIM_CCxChannelCmd)
    TIM_ETR_SetConfig                        0x0800472b   Thumb Code    22  stm32f4xx_hal_tim.o(i.TIM_ETR_SetConfig)
    TIM_OC2_SetConfig                        0x080047c5   Thumb Code   114  stm32f4xx_hal_tim.o(i.TIM_OC2_SetConfig)
    UART4_IRQHandler                         0x0800495d   Thumb Code    10  stm32f4xx_it.o(i.UART4_IRQHandler)
    UART_Start_Receive_DMA                   0x08004e79   Thumb Code   196  stm32f4xx_hal_uart.o(i.UART_Start_Receive_DMA)
    USART2_IRQHandler                        0x0800503d   Thumb Code    84  stm32f4xx_it.o(i.USART2_IRQHandler)
    UsageFault_Handler                       0x0800509d   Thumb Code     4  stm32f4xx_it.o(i.UsageFault_Handler)
    __0printf$8                              0x080050a1   Thumb Code    22  printf8.o(i.__0printf$8)
    __1printf$8                              0x080050a1   Thumb Code     0  printf8.o(i.__0printf$8)
    __2printf                                0x080050a1   Thumb Code     0  printf8.o(i.__0printf$8)
    __ARM_fpclassify                         0x080050c1   Thumb Code    48  fpclassify.o(i.__ARM_fpclassify)
    __hardfp_acos                            0x08005129   Thumb Code   738  acos.o(i.__hardfp_acos)
    __hardfp_asin                            0x08005481   Thumb Code   770  asin.o(i.__hardfp_asin)
    __hardfp_atan                            0x080057e1   Thumb Code   622  atan.o(i.__hardfp_atan)
    __hardfp_atan2                           0x08005ab9   Thumb Code   448  atan2.o(i.__hardfp_atan2)
    __kernel_poly                            0x08005cb9   Thumb Code   248  poly.o(i.__kernel_poly)
    __mathlib_dbl_infnan                     0x08005db1   Thumb Code    20  dunder.o(i.__mathlib_dbl_infnan)
    __mathlib_dbl_infnan2                    0x08005dc5   Thumb Code    20  dunder.o(i.__mathlib_dbl_infnan2)
    __mathlib_dbl_invalid                    0x08005dd9   Thumb Code    24  dunder.o(i.__mathlib_dbl_invalid)
    __mathlib_dbl_underflow                  0x08005df9   Thumb Code    24  dunder.o(i.__mathlib_dbl_underflow)
    __scatterload_copy                       0x08005e19   Thumb Code    14  handlers.o(i.__scatterload_copy)
    __scatterload_null                       0x08005e27   Thumb Code     2  handlers.o(i.__scatterload_null)
    __scatterload_zeroinit                   0x08005e29   Thumb Code    14  handlers.o(i.__scatterload_zeroinit)
    __set_errno                              0x08005e39   Thumb Code     6  errno.o(i.__set_errno)
    atan                                     0x0800635d   Thumb Code    16  atan.o(i.atan)
    can_filter_init                          0x0800636d   Thumb Code    84  bsp_can.o(i.can_filter_init)
    dmp_enable_6x_lp_quat                    0x0800642d   Thumb Code    60  inv_mpu_dmp_motion_driver.o(i.dmp_enable_6x_lp_quat)
    dmp_enable_feature                       0x08006469   Thumb Code   530  inv_mpu_dmp_motion_driver.o(i.dmp_enable_feature)
    dmp_enable_gyro_cal                      0x08006685   Thumb Code    62  inv_mpu_dmp_motion_driver.o(i.dmp_enable_gyro_cal)
    dmp_enable_lp_quat                       0x080066dd   Thumb Code    60  inv_mpu_dmp_motion_driver.o(i.dmp_enable_lp_quat)
    dmp_load_motion_driver_firmware          0x08006719   Thumb Code    20  inv_mpu_dmp_motion_driver.o(i.dmp_load_motion_driver_firmware)
    dmp_read_fifo                            0x08006731   Thumb Code   456  inv_mpu_dmp_motion_driver.o(i.dmp_read_fifo)
    dmp_set_accel_bias                       0x080068fd   Thumb Code   300  inv_mpu_dmp_motion_driver.o(i.dmp_set_accel_bias)
    dmp_set_fifo_rate                        0x08006a2d   Thumb Code    96  inv_mpu_dmp_motion_driver.o(i.dmp_set_fifo_rate)
    dmp_set_orientation                      0x08006a9d   Thumb Code   290  inv_mpu_dmp_motion_driver.o(i.dmp_set_orientation)
    dmp_set_shake_reject_thresh              0x08006bd5   Thumb Code    56  inv_mpu_dmp_motion_driver.o(i.dmp_set_shake_reject_thresh)
    dmp_set_shake_reject_time                0x08006c0d   Thumb Code    38  inv_mpu_dmp_motion_driver.o(i.dmp_set_shake_reject_time)
    dmp_set_shake_reject_timeout             0x08006c33   Thumb Code    38  inv_mpu_dmp_motion_driver.o(i.dmp_set_shake_reject_timeout)
    dmp_set_tap_axes                         0x08006c59   Thumb Code    70  inv_mpu_dmp_motion_driver.o(i.dmp_set_tap_axes)
    dmp_set_tap_count                        0x08006c9f   Thumb Code    38  inv_mpu_dmp_motion_driver.o(i.dmp_set_tap_count)
    dmp_set_tap_thresh                       0x08006cc5   Thumb Code   412  inv_mpu_dmp_motion_driver.o(i.dmp_set_tap_thresh)
    dmp_set_tap_time                         0x08006e85   Thumb Code    38  inv_mpu_dmp_motion_driver.o(i.dmp_set_tap_time)
    dmp_set_tap_time_multi                   0x08006eab   Thumb Code    38  inv_mpu_dmp_motion_driver.o(i.dmp_set_tap_time_multi)
    dr16Rx                                   0x08006ed1   Thumb Code   138  freertos.o(i.dr16Rx)
    fabs                                     0x08006f75   Thumb Code    24  fabs.o(i.fabs)
    fputc                                    0x08006f8d   Thumb Code    22  usart.o(i.fputc)
    gm2                                      0x080074e5   Thumb Code   242  freertos.o(i.gm2)
    guiling                                  0x08007601   Thumb Code    10  freertos.o(i.guiling)
    inv_orientation_matrix_to_scalar         0x08007729   Thumb Code    40  inv_mpu.o(i.inv_orientation_matrix_to_scalar)
    inv_row_2_scale                          0x08007751   Thumb Code    78  inv_mpu.o(i.inv_row_2_scale)
    jbgm                                     0x080077a1   Thumb Code    70  freertos.o(i.jbgm)
    main                                     0x08007805   Thumb Code   342  main.o(i.main)
    mget_ms                                  0x080079eb   Thumb Code     2  inv_mpu.o(i.mget_ms)
    mpu_configure_fifo                       0x080079ed   Thumb Code   106  inv_mpu.o(i.mpu_configure_fifo)
    mpu_dmp_get_data                         0x08007a5d   Thumb Code   520  inv_mpu.o(i.mpu_dmp_get_data)
    mpu_dmp_init                             0x08007c75   Thumb Code   154  inv_mpu.o(i.mpu_dmp_init)
    mpu_get_accel_fsr                        0x08007d15   Thumb Code    72  inv_mpu.o(i.mpu_get_accel_fsr)
    mpu_get_accel_sens                       0x08007d61   Thumb Code    78  inv_mpu.o(i.mpu_get_accel_sens)
    mpu_get_fifo_config                      0x08007db5   Thumb Code    12  inv_mpu.o(i.mpu_get_fifo_config)
    mpu_get_gyro_fsr                         0x08007dc5   Thumb Code    64  inv_mpu.o(i.mpu_get_gyro_fsr)
    mpu_get_gyro_sens                        0x08007e09   Thumb Code    74  inv_mpu.o(i.mpu_get_gyro_sens)
    mpu_get_lpf                              0x08007e69   Thumb Code    74  inv_mpu.o(i.mpu_get_lpf)
    mpu_get_sample_rate                      0x08007eb9   Thumb Code    26  inv_mpu.o(i.mpu_get_sample_rate)
    mpu_init                                 0x08007ed9   Thumb Code   416  inv_mpu.o(i.mpu_init)
    mpu_load_firmware                        0x080080c9   Thumb Code   180  inv_mpu.o(i.mpu_load_firmware)
    mpu_lp_accel_mode                        0x08008181   Thumb Code   218  inv_mpu.o(i.mpu_lp_accel_mode)
    mpu_read_fifo_stream                     0x08008261   Thumb Code   186  inv_mpu.o(i.mpu_read_fifo_stream)
    mpu_read_mem                             0x08008321   Thumb Code   122  inv_mpu.o(i.mpu_read_mem)
    mpu_reset_fifo                           0x080083a1   Thumb Code   450  inv_mpu.o(i.mpu_reset_fifo)
    mpu_run_self_test                        0x08008569   Thumb Code   278  inv_mpu.o(i.mpu_run_self_test)
    mpu_set_accel_fsr                        0x08008685   Thumb Code   126  inv_mpu.o(i.mpu_set_accel_fsr)
    mpu_set_bypass                           0x08008709   Thumb Code   328  inv_mpu.o(i.mpu_set_bypass)
    mpu_set_dmp_state                        0x08008855   Thumb Code   138  inv_mpu.o(i.mpu_set_dmp_state)
    mpu_set_gyro_fsr                         0x080088e5   Thumb Code   132  inv_mpu.o(i.mpu_set_gyro_fsr)
    mpu_set_int_latched                      0x0800896d   Thumb Code   102  inv_mpu.o(i.mpu_set_int_latched)
    mpu_set_lpf                              0x080089d9   Thumb Code   126  inv_mpu.o(i.mpu_set_lpf)
    mpu_set_sample_rate                      0x08008a5d   Thumb Code   152  inv_mpu.o(i.mpu_set_sample_rate)
    mpu_set_sensors                          0x08008af9   Thumb Code   202  inv_mpu.o(i.mpu_set_sensors)
    mpu_write_mem                            0x08008bc9   Thumb Code   122  inv_mpu.o(i.mpu_write_mem)
    osDelay                                  0x08008c49   Thumb Code    24  cmsis_os.o(i.osDelay)
    osKernelStart                            0x08008c61   Thumb Code    10  cmsis_os.o(i.osKernelStart)
    osMessageCreate                          0x08008c6b   Thumb Code    40  cmsis_os.o(i.osMessageCreate)
    osThreadCreate                           0x08008c93   Thumb Code    94  cmsis_os.o(i.osThreadCreate)
    pidsolvebp                               0x08008cf1   Thumb Code   320  freertos.o(i.pidsolvebp)
    pidsolvepitch                            0x08008e75   Thumb Code   302  freertos.o(i.pidsolvepitch)
    pidsolveyaw                              0x08008fe1   Thumb Code   254  freertos.o(i.pidsolveyaw)
    pidxy                                    0x0800910d   Thumb Code   156  freertos.o(i.pidxy)
    pvPortMalloc                             0x080097a5   Thumb Code   306  heap_4.o(i.pvPortMalloc)
    pxPortInitialiseStack                    0x080098f1   Thumb Code    38  port.o(i.pxPortInitialiseStack)
    run_self_test                            0x0800991d   Thumb Code   130  inv_mpu.o(i.run_self_test)
    sqrt                                     0x08009a31   Thumb Code   110  sqrt.o(i.sqrt)
    uxListRemove                             0x08009a9f   Thumb Code    40  list.o(i.uxListRemove)
    vApplicationGetIdleTaskMemory            0x08009ac9   Thumb Code    14  freertos.o(i.vApplicationGetIdleTaskMemory)
    vListInitialise                          0x08009ae1   Thumb Code    26  list.o(i.vListInitialise)
    vListInitialiseItem                      0x08009afb   Thumb Code     6  list.o(i.vListInitialiseItem)
    vListInsert                              0x08009b01   Thumb Code    52  list.o(i.vListInsert)
    vListInsertEnd                           0x08009b35   Thumb Code    24  list.o(i.vListInsertEnd)
    vPortEnterCritical                       0x08009b4d   Thumb Code    76  port.o(i.vPortEnterCritical)
    vPortExitCritical                        0x08009ba1   Thumb Code    56  port.o(i.vPortExitCritical)
    vPortFree                                0x08009bdd   Thumb Code   150  heap_4.o(i.vPortFree)
    vPortSetupTimerInterrupt                 0x08009c81   Thumb Code    36  port.o(i.vPortSetupTimerInterrupt)
    vPortValidateInterruptPriority           0x08009ca9   Thumb Code   106  port.o(i.vPortValidateInterruptPriority)
    vTaskDelay                               0x08009d21   Thumb Code    82  tasks.o(i.vTaskDelay)
    vTaskDelayUntil                          0x08009d7d   Thumb Code   200  tasks.o(i.vTaskDelayUntil)
    vTaskInternalSetTimeOutState             0x08009e51   Thumb Code    14  tasks.o(i.vTaskInternalSetTimeOutState)
    vTaskMissedYield                         0x08009e69   Thumb Code     8  tasks.o(i.vTaskMissedYield)
    vTaskPlaceOnEventList                    0x08009e75   Thumb Code    52  tasks.o(i.vTaskPlaceOnEventList)
    vTaskStartScheduler                      0x08009ead   Thumb Code   146  tasks.o(i.vTaskStartScheduler)
    vTaskSuspendAll                          0x08009f5d   Thumb Code    12  tasks.o(i.vTaskSuspendAll)
    vTaskSwitchContext                       0x08009f6d   Thumb Code   118  tasks.o(i.vTaskSwitchContext)
    xPortStartScheduler                      0x08009ff9   Thumb Code   330  port.o(i.xPortStartScheduler)
    xQueueGenericCreate                      0x0800a161   Thumb Code    90  queue.o(i.xQueueGenericCreate)
    xQueueGenericCreateStatic                0x0800a1bb   Thumb Code   224  queue.o(i.xQueueGenericCreateStatic)
    xQueueGenericReset                       0x0800a29d   Thumb Code   146  queue.o(i.xQueueGenericReset)
    xQueueGenericSendFromISR                 0x0800a335   Thumb Code   252  queue.o(i.xQueueGenericSendFromISR)
    xQueueReceive                            0x0800a431   Thumb Code   356  queue.o(i.xQueueReceive)
    xTaskCheckForTimeOut                     0x0800a599   Thumb Code   132  tasks.o(i.xTaskCheckForTimeOut)
    xTaskCreate                              0x0800a625   Thumb Code   100  tasks.o(i.xTaskCreate)
    xTaskCreateStatic                        0x0800a689   Thumb Code   186  tasks.o(i.xTaskCreateStatic)
    xTaskGetSchedulerState                   0x0800a745   Thumb Code    24  tasks.o(i.xTaskGetSchedulerState)
    xTaskGetTickCount                        0x0800a765   Thumb Code     6  tasks.o(i.xTaskGetTickCount)
    xTaskIncrementTick                       0x0800a771   Thumb Code   282  tasks.o(i.xTaskIncrementTick)
    xTaskPriorityDisinherit                  0x0800a8b9   Thumb Code   188  tasks.o(i.xTaskPriorityDisinherit)
    xTaskRemoveFromEventList                 0x0800a981   Thumb Code   128  tasks.o(i.xTaskRemoveFromEventList)
    xTaskResumeAll                           0x0800aa19   Thumb Code   224  tasks.o(i.xTaskResumeAll)
    AHBPrescTable                            0x0800ac30   Data          16  system_stm32f4xx.o(.constdata)
    APBPrescTable                            0x0800ac40   Data           8  system_stm32f4xx.o(.constdata)
    reg                                      0x0800ac48   Data          27  inv_mpu.o(.constdata)
    hw                                       0x0800ac64   Data          12  inv_mpu.o(.constdata)
    test                                     0x0800ac70   Data          40  inv_mpu.o(.constdata)
    __mathlib_zero                           0x0800b9c8   Data           8  qnan.o(.constdata)
    Region$$Table$$Base                      0x0800ba70   Number         0  anon$$obj.o(Region$$Table)
    Region$$Table$$Limit                     0x0800ba90   Number         0  anon$$obj.o(Region$$Table)
    Speed0_pid                               0x20000000   Data          12  main.o(.data)
    Omega0_pid                               0x2000000c   Data          12  main.o(.data)
    Speed1_pid                               0x20000018   Data          12  main.o(.data)
    Omega1_pid                               0x20000024   Data          12  main.o(.data)
    Speed2_pid                               0x20000030   Data          12  main.o(.data)
    Omega2_pid                               0x2000003c   Data          12  main.o(.data)
    Speed3_pid                               0x20000048   Data          12  main.o(.data)
    Omega3_pid                               0x20000054   Data          12  main.o(.data)
    Speed5_pid                               0x20000060   Data          12  main.o(.data)
    Omega5_pid                               0x2000006c   Data          12  main.o(.data)
    Speed7_pid                               0x20000078   Data          12  main.o(.data)
    Omega7_pid                               0x20000084   Data          12  main.o(.data)
    check                                    0x20000090   Data           4  freertos.o(.data)
    checksingle                              0x20000094   Data           4  freertos.o(.data)
    Setrpm                                   0x20000098   Data           4  freertos.o(.data)
    checksetpitch                            0x2000009c   Data           4  freertos.o(.data)
    checksetyaw                              0x200000a0   Data           4  freertos.o(.data)
    checkling                                0x200000a4   Data           4  freertos.o(.data)
    checkdr                                  0x200000a8   Data           4  freertos.o(.data)
    Rx_0Angle                                0x200000ac   Data           4  freertos.o(.data)
    drpitch                                  0x200000b0   Data           4  freertos.o(.data)
    dryaw                                    0x200000b4   Data           4  freertos.o(.data)
    Encoder_Num_Per_Round                    0x200000b8   Data           2  freertos.o(.data)
    Encoder_Offset                           0x200000bc   Data           4  freertos.o(.data)
    Total_Encoder                            0x200000c0   Data           4  freertos.o(.data)
    Rx_Encoder                               0x200000c4   Data           2  freertos.o(.data)
    Pre_Encoder                              0x200000c6   Data           2  freertos.o(.data)
    Rx_Angle                                 0x200000c8   Data           4  freertos.o(.data)
    Rx_Omega                                 0x200000cc   Data           4  freertos.o(.data)
    Total_Round                              0x200000d0   Data           4  freertos.o(.data)
    YawTotal_Encoder                         0x200000d4   Data           4  freertos.o(.data)
    YawRx_Encoder                            0x200000d8   Data           2  freertos.o(.data)
    YawPre_Encoder                           0x200000da   Data           2  freertos.o(.data)
    YawRx_Angle                              0x200000dc   Data           4  freertos.o(.data)
    YawRx_Omega                              0x200000e0   Data           4  freertos.o(.data)
    YawTotal_Round                           0x200000e4   Data           4  freertos.o(.data)
    bpTotal_Encoder                          0x200000e8   Data           4  freertos.o(.data)
    bpRx_Encoder                             0x200000ec   Data           2  freertos.o(.data)
    bpPre_Encoder                            0x200000ee   Data           2  freertos.o(.data)
    bpRx_Angle                               0x200000f0   Data           4  freertos.o(.data)
    bpRx_Omega                               0x200000f4   Data           4  freertos.o(.data)
    bpTotal_Round                            0x200000f8   Data           4  freertos.o(.data)
    pitch                                    0x200000fc   Data           4  freertos.o(.data)
    roll                                     0x20000100   Data           4  freertos.o(.data)
    yaw                                      0x20000104   Data           4  freertos.o(.data)
    aacx                                     0x20000108   Data           2  freertos.o(.data)
    aacy                                     0x2000010a   Data           2  freertos.o(.data)
    aacz                                     0x2000010c   Data           2  freertos.o(.data)
    gyrox                                    0x2000010e   Data           2  freertos.o(.data)
    gyroy                                    0x20000110   Data           2  freertos.o(.data)
    gyroz                                    0x20000112   Data           2  freertos.o(.data)
    temp                                     0x20000114   Data           4  freertos.o(.data)
    SetbpAngle                               0x20000118   Data           4  freertos.o(.data)
    defaultTaskHandle                        0x2000011c   Data           4  freertos.o(.data)
    GM6020id2Handle                          0x20000120   Data           4  freertos.o(.data)
    jieGMHandle                              0x20000124   Data           4  freertos.o(.data)
    IMUHandle                                0x20000128   Data           4  freertos.o(.data)
    pidHandle                                0x2000012c   Data           4  freertos.o(.data)
    myTask06Handle                           0x20000130   Data           4  freertos.o(.data)
    myTask07Handle                           0x20000134   Data           4  freertos.o(.data)
    dr16Handle                               0x20000138   Data           4  freertos.o(.data)
    remove0Handle                            0x2000013c   Data           4  freertos.o(.data)
    USART_RXPORTHandle                       0x20000140   Data           4  freertos.o(.data)
    Angle                                    0x20000144   Data           4  freertos.o(.data)
    dt                                       0x20000148   Data           4  freertos.o(.data)
    uwTick                                   0x20000154   Data           4  stm32f4xx_hal.o(.data)
    uwTickPrio                               0x20000158   Data           4  stm32f4xx_hal.o(.data)
    uwTickFreq                               0x2000015c   Data           1  stm32f4xx_hal.o(.data)
    SystemCoreClock                          0x20000160   Data           4  system_stm32f4xx.o(.data)
    reflag                                   0x20000164   Data           4  can_receive.o(.data)
    data0                                    0x20000168   Data           2  can_receive.o(.data)
    pxCurrentTCB                             0x2000017c   Data           4  tasks.o(.data)
    Dead_Zone                                0x200001e4   Data           4  pid.o(.data)
    flag                                     0x200001e8   Data           4  pid.o(.data)
    n                                        0x200001ec   Data           4  pid.o(.data)
    __stdout                                 0x20000228   Data           4  stdout.o(.data)
    pid_speed                                0x20000230   Data         576  main.o(.bss)
    pid_omega                                0x20000470   Data         576  main.o(.bss)
    RC_CtrlData                              0x200006b0   Data          20  main.o(.bss)
    buffer                                   0x200006c4   Data          18  main.o(.bss)
    hcan1                                    0x2000092c   Data          40  can.o(.bss)
    hcan2                                    0x20000954   Data          40  can.o(.bss)
    htim2                                    0x2000097c   Data          72  tim.o(.bss)
    huart4                                   0x200009c4   Data          68  usart.o(.bss)
    huart2                                   0x20000a08   Data          68  usart.o(.bss)
    hdma_uart4_tx                            0x20000a4c   Data          96  usart.o(.bss)
    hdma_usart2_rx                           0x20000aac   Data          96  usart.o(.bss)
    htim1                                    0x20000b0c   Data          72  stm32f4xx_hal_timebase_tim.o(.bss)
    motor_chassis                            0x20000b54   Data          80  can_receive.o(.bss)
    __initial_sp                             0x20004cd8   Data           0  startup_stm32f405xx.o(STACK)



==============================================================================

Memory Map of the image

  Image Entry point : 0x08000189

  Load Region LR_IROM1 (Base: 0x08000000, Size: 0x0000bcc0, Max: 0x00100000, ABSOLUTE, COMPRESSED[0x0000bafc])

    Execution Region ER_IROM1 (Exec base: 0x08000000, Load base: 0x08000000, Size: 0x0000ba90, Max: 0x00100000, ABSOLUTE)

    Exec Addr    Load Addr    Size         Type   Attr      Idx    E Section Name        Object

    0x08000000   0x08000000   0x00000188   Data   RO            3    RESET               startup_stm32f405xx.o
    0x08000188   0x08000188   0x00000000   Code   RO         5977  * .ARM.Collect$$$$00000000  mc_w.l(entry.o)
    0x08000188   0x08000188   0x00000004   Code   RO         6318    .ARM.Collect$$$$00000001  mc_w.l(entry2.o)
    0x0800018c   0x0800018c   0x00000004   Code   RO         6321    .ARM.Collect$$$$00000004  mc_w.l(entry5.o)
    0x08000190   0x08000190   0x00000000   Code   RO         6323    .ARM.Collect$$$$00000008  mc_w.l(entry7b.o)
    0x08000190   0x08000190   0x00000000   Code   RO         6325    .ARM.Collect$$$$0000000A  mc_w.l(entry8b.o)
    0x08000190   0x08000190   0x00000008   Code   RO         6326    .ARM.Collect$$$$0000000B  mc_w.l(entry9a.o)
    0x08000198   0x08000198   0x00000004   Code   RO         6333    .ARM.Collect$$$$0000000E  mc_w.l(entry12b.o)
    0x0800019c   0x0800019c   0x00000000   Code   RO         6328    .ARM.Collect$$$$0000000F  mc_w.l(entry10a.o)
    0x0800019c   0x0800019c   0x00000000   Code   RO         6330    .ARM.Collect$$$$00000011  mc_w.l(entry11a.o)
    0x0800019c   0x0800019c   0x00000004   Code   RO         6319    .ARM.Collect$$$$00002712  mc_w.l(entry2.o)
    0x080001a0   0x080001a0   0x000000be   Code   RO         5076    .emb_text           port.o
    0x0800025e   0x0800025e   0x00000002   PAD
    0x08000260   0x08000260   0x00000024   Code   RO            4    .text               startup_stm32f405xx.o
    0x08000284   0x08000284   0x00000062   Code   RO         5980    .text               mc_w.l(uldiv.o)
    0x080002e6   0x080002e6   0x00000062   Code   RO         5982    .text               mc_w.l(ldiv.o)
    0x08000348   0x08000348   0x00000024   Code   RO         5984    .text               mc_w.l(memcpya.o)
    0x0800036c   0x0800036c   0x00000024   Code   RO         5988    .text               mc_w.l(memseta.o)
    0x08000390   0x08000390   0x0000001a   Code   RO         5990    .text               mc_w.l(memcmp.o)
    0x080003aa   0x080003aa   0x0000014e   Code   RO         6255    .text               mf_w.l(dadd.o)
    0x080004f8   0x080004f8   0x000000e4   Code   RO         6257    .text               mf_w.l(dmul.o)
    0x080005dc   0x080005dc   0x000000de   Code   RO         6259    .text               mf_w.l(ddiv.o)
    0x080006ba   0x080006ba   0x00000022   Code   RO         6261    .text               mf_w.l(dflti.o)
    0x080006dc   0x080006dc   0x00000026   Code   RO         6263    .text               mf_w.l(f2d.o)
    0x08000702   0x08000702   0x00000038   Code   RO         6265    .text               mf_w.l(d2f.o)
    0x0800073a   0x0800073a   0x0000001e   Code   RO         6337    .text               mc_w.l(llshl.o)
    0x08000758   0x08000758   0x00000020   Code   RO         6339    .text               mc_w.l(llushr.o)
    0x08000778   0x08000778   0x00000024   Code   RO         6341    .text               mc_w.l(llsshr.o)
    0x0800079c   0x0800079c   0x00000000   Code   RO         6350    .text               mc_w.l(iusefp.o)
    0x0800079c   0x0800079c   0x0000006e   Code   RO         6351    .text               mf_w.l(fepilogue.o)
    0x0800080a   0x0800080a   0x000000ba   Code   RO         6353    .text               mf_w.l(depilogue.o)
    0x080008c4   0x080008c4   0x00000030   Code   RO         6359    .text               mf_w.l(cdcmple.o)
    0x080008f4   0x080008f4   0x00000024   Code   RO         6363    .text               mc_w.l(init.o)
    0x08000918   0x08000918   0x000000a2   Code   RO         6365    .text               mf_w.l(dsqrt.o)
    0x080009ba   0x080009ba   0x00000056   Code   RO         6375    .text               mc_w.l(__dczerorl2.o)
    0x08000a10   0x08000a10   0x00000004   Code   RO          589    i.BusFault_Handler  stm32f4xx_it.o
    0x08000a14   0x08000a14   0x00000010   Code   RO          590    i.CAN1_RX0_IRQHandler  stm32f4xx_it.o
    0x08000a24   0x08000a24   0x00000010   Code   RO          591    i.CAN1_RX1_IRQHandler  stm32f4xx_it.o
    0x08000a34   0x08000a34   0x00000050   Code   RO         3668    i.CAN1_cmd_gimbal   can_receive.o
    0x08000a84   0x08000a84   0x00000010   Code   RO          592    i.CAN2_RX0_IRQHandler  stm32f4xx_it.o
    0x08000a94   0x08000a94   0x00000010   Code   RO          593    i.CAN2_RX1_IRQHandler  stm32f4xx_it.o
    0x08000aa4   0x08000aa4   0x00000050   Code   RO         3669    i.CAN2_cmd_gimbal   can_receive.o
    0x08000af4   0x08000af4   0x00000050   Code   RO         3670    i.CAN_cmd_chassis   can_receive.o
    0x08000b44   0x08000b44   0x00000044   Code   RO          281    i.Complementary_Filter_x  freertos.o
    0x08000b88   0x08000b88   0x00000010   Code   RO          594    i.DMA1_Stream4_IRQHandler  stm32f4xx_it.o
    0x08000b98   0x08000b98   0x00000010   Code   RO          595    i.DMA1_Stream5_IRQHandler  stm32f4xx_it.o
    0x08000ba8   0x08000ba8   0x00000034   Code   RO         1505    i.DMA_CalcBaseAndBitshift  stm32f4xx_hal_dma.o
    0x08000bdc   0x08000bdc   0x000000aa   Code   RO         1506    i.DMA_CheckFifoParam  stm32f4xx_hal_dma.o
    0x08000c86   0x08000c86   0x0000002c   Code   RO         1507    i.DMA_SetConfig     stm32f4xx_hal_dma.o
    0x08000cb2   0x08000cb2   0x00000002   Code   RO          596    i.DebugMon_Handler  stm32f4xx_it.o
    0x08000cb4   0x08000cb4   0x00000006   Code   RO           13    i.Error_Handler     main.o
    0x08000cba   0x08000cba   0x00000002   PAD
    0x08000cbc   0x08000cbc   0x000000cc   Code   RO           14    i.Get_DR16_Data     main.o
    0x08000d88   0x08000d88   0x0000002a   Code   RO          768    i.HAL_CAN_ActivateNotification  stm32f4xx_hal_can.o
    0x08000db2   0x08000db2   0x00000156   Code   RO          769    i.HAL_CAN_AddTxMessage  stm32f4xx_hal_can.o
    0x08000f08   0x08000f08   0x00000124   Code   RO          770    i.HAL_CAN_ConfigFilter  stm32f4xx_hal_can.o
    0x0800102c   0x0800102c   0x00000002   Code   RO          773    i.HAL_CAN_ErrorCallback  stm32f4xx_hal_can.o
    0x0800102e   0x0800102e   0x0000017a   Code   RO          776    i.HAL_CAN_GetRxMessage  stm32f4xx_hal_can.o
    0x080011a8   0x080011a8   0x0000024e   Code   RO          780    i.HAL_CAN_IRQHandler  stm32f4xx_hal_can.o
    0x080013f6   0x080013f6   0x00000174   Code   RO          781    i.HAL_CAN_Init      stm32f4xx_hal_can.o
    0x0800156a   0x0800156a   0x00000002   PAD
    0x0800156c   0x0800156c   0x00000184   Code   RO          415    i.HAL_CAN_MspInit   can.o
    0x080016f0   0x080016f0   0x00000002   Code   RO          788    i.HAL_CAN_RxFifo0FullCallback  stm32f4xx_hal_can.o
    0x080016f2   0x080016f2   0x00000002   PAD
    0x080016f4   0x080016f4   0x000000ec   Code   RO         3672    i.HAL_CAN_RxFifo0MsgPendingCallback  can_receive.o
    0x080017e0   0x080017e0   0x00000002   Code   RO          790    i.HAL_CAN_RxFifo1FullCallback  stm32f4xx_hal_can.o
    0x080017e2   0x080017e2   0x00000002   Code   RO          791    i.HAL_CAN_RxFifo1MsgPendingCallback  stm32f4xx_hal_can.o
    0x080017e4   0x080017e4   0x00000002   Code   RO          792    i.HAL_CAN_SleepCallback  stm32f4xx_hal_can.o
    0x080017e6   0x080017e6   0x0000005e   Code   RO          793    i.HAL_CAN_Start     stm32f4xx_hal_can.o
    0x08001844   0x08001844   0x00000002   Code   RO          795    i.HAL_CAN_TxMailbox0AbortCallback  stm32f4xx_hal_can.o
    0x08001846   0x08001846   0x00000002   Code   RO          796    i.HAL_CAN_TxMailbox0CompleteCallback  stm32f4xx_hal_can.o
    0x08001848   0x08001848   0x00000002   Code   RO          797    i.HAL_CAN_TxMailbox1AbortCallback  stm32f4xx_hal_can.o
    0x0800184a   0x0800184a   0x00000002   Code   RO          798    i.HAL_CAN_TxMailbox1CompleteCallback  stm32f4xx_hal_can.o
    0x0800184c   0x0800184c   0x00000002   Code   RO          799    i.HAL_CAN_TxMailbox2AbortCallback  stm32f4xx_hal_can.o
    0x0800184e   0x0800184e   0x00000002   Code   RO          800    i.HAL_CAN_TxMailbox2CompleteCallback  stm32f4xx_hal_can.o
    0x08001850   0x08001850   0x00000002   Code   RO          802    i.HAL_CAN_WakeUpFromRxMsgCallback  stm32f4xx_hal_can.o
    0x08001852   0x08001852   0x000000ac   Code   RO         1508    i.HAL_DMA_Abort     stm32f4xx_hal_dma.o
    0x080018fe   0x080018fe   0x00000028   Code   RO         1509    i.HAL_DMA_Abort_IT  stm32f4xx_hal_dma.o
    0x08001926   0x08001926   0x00000002   PAD
    0x08001928   0x08001928   0x00000240   Code   RO         1513    i.HAL_DMA_IRQHandler  stm32f4xx_hal_dma.o
    0x08001b68   0x08001b68   0x000000ec   Code   RO         1514    i.HAL_DMA_Init      stm32f4xx_hal_dma.o
    0x08001c54   0x08001c54   0x00000092   Code   RO         1518    i.HAL_DMA_Start_IT  stm32f4xx_hal_dma.o
    0x08001ce6   0x08001ce6   0x00000002   PAD
    0x08001ce8   0x08001ce8   0x00000028   Code   RO         1932    i.HAL_Delay         stm32f4xx_hal.o
    0x08001d10   0x08001d10   0x000001f4   Code   RO         1401    i.HAL_GPIO_Init     stm32f4xx_hal_gpio.o
    0x08001f04   0x08001f04   0x00000010   Code   RO         1403    i.HAL_GPIO_ReadPin  stm32f4xx_hal_gpio.o
    0x08001f14   0x08001f14   0x0000000c   Code   RO         1405    i.HAL_GPIO_WritePin  stm32f4xx_hal_gpio.o
    0x08001f20   0x08001f20   0x0000000c   Code   RO         1938    i.HAL_GetTick       stm32f4xx_hal.o
    0x08001f2c   0x08001f2c   0x00000018   Code   RO         1944    i.HAL_IncTick       stm32f4xx_hal.o
    0x08001f44   0x08001f44   0x0000003c   Code   RO         1945    i.HAL_Init          stm32f4xx_hal.o
    0x08001f80   0x08001f80   0x000000a0   Code   RO          728    i.HAL_InitTick      stm32f4xx_hal_timebase_tim.o
    0x08002020   0x08002020   0x00000054   Code   RO          704    i.HAL_MspInit       stm32f4xx_hal_msp.o
    0x08002074   0x08002074   0x00000020   Code   RO         1790    i.HAL_NVIC_EnableIRQ  stm32f4xx_hal_cortex.o
    0x08002094   0x08002094   0x0000007c   Code   RO         1796    i.HAL_NVIC_SetPriority  stm32f4xx_hal_cortex.o
    0x08002110   0x08002110   0x00000028   Code   RO         1797    i.HAL_NVIC_SetPriorityGrouping  stm32f4xx_hal_cortex.o
    0x08002138   0x08002138   0x00000184   Code   RO         1002    i.HAL_RCC_ClockConfig  stm32f4xx_hal_rcc.o
    0x080022bc   0x080022bc   0x00000044   Code   RO         1006    i.HAL_RCC_GetClockConfig  stm32f4xx_hal_rcc.o
    0x08002300   0x08002300   0x0000000c   Code   RO         1007    i.HAL_RCC_GetHCLKFreq  stm32f4xx_hal_rcc.o
    0x0800230c   0x0800230c   0x00000020   Code   RO         1009    i.HAL_RCC_GetPCLK1Freq  stm32f4xx_hal_rcc.o
    0x0800232c   0x0800232c   0x00000020   Code   RO         1010    i.HAL_RCC_GetPCLK2Freq  stm32f4xx_hal_rcc.o
    0x0800234c   0x0800234c   0x000000b0   Code   RO         1011    i.HAL_RCC_GetSysClockFreq  stm32f4xx_hal_rcc.o
    0x080023fc   0x080023fc   0x0000049c   Code   RO         1014    i.HAL_RCC_OscConfig  stm32f4xx_hal_rcc.o
    0x08002898   0x08002898   0x00000002   Code   RO         2900    i.HAL_TIMEx_BreakCallback  stm32f4xx_hal_tim_ex.o
    0x0800289a   0x0800289a   0x00000002   Code   RO         2901    i.HAL_TIMEx_CommutCallback  stm32f4xx_hal_tim_ex.o
    0x0800289c   0x0800289c   0x000000b4   Code   RO         2919    i.HAL_TIMEx_MasterConfigSynchronization  stm32f4xx_hal_tim_ex.o
    0x08002950   0x08002950   0x00000066   Code   RO         2185    i.HAL_TIM_Base_Init  stm32f4xx_hal_tim.o
    0x080029b6   0x080029b6   0x00000002   PAD
    0x080029b8   0x080029b8   0x00000030   Code   RO          488    i.HAL_TIM_Base_MspInit  tim.o
    0x080029e8   0x080029e8   0x000000a8   Code   RO         2190    i.HAL_TIM_Base_Start_IT  stm32f4xx_hal_tim.o
    0x08002a90   0x08002a90   0x0000010c   Code   RO         2194    i.HAL_TIM_ConfigClockSource  stm32f4xx_hal_tim.o
    0x08002b9c   0x08002b9c   0x00000002   Code   RO         2219    i.HAL_TIM_IC_CaptureCallback  stm32f4xx_hal_tim.o
    0x08002b9e   0x08002b9e   0x00000196   Code   RO         2233    i.HAL_TIM_IRQHandler  stm32f4xx_hal_tim.o
    0x08002d34   0x08002d34   0x0000005c   Code   RO          489    i.HAL_TIM_MspPostInit  tim.o
    0x08002d90   0x08002d90   0x00000002   Code   RO         2236    i.HAL_TIM_OC_DelayElapsedCallback  stm32f4xx_hal_tim.o
    0x08002d92   0x08002d92   0x00000104   Code   RO         2257    i.HAL_TIM_PWM_ConfigChannel  stm32f4xx_hal_tim.o
    0x08002e96   0x08002e96   0x00000066   Code   RO         2260    i.HAL_TIM_PWM_Init  stm32f4xx_hal_tim.o
    0x08002efc   0x08002efc   0x00000002   Code   RO         2262    i.HAL_TIM_PWM_MspInit  stm32f4xx_hal_tim.o
    0x08002efe   0x08002efe   0x00000002   Code   RO         2263    i.HAL_TIM_PWM_PulseFinishedCallback  stm32f4xx_hal_tim.o
    0x08002f00   0x08002f00   0x0000010c   Code   RO         2265    i.HAL_TIM_PWM_Start  stm32f4xx_hal_tim.o
    0x0800300c   0x0800300c   0x00000018   Code   RO           15    i.HAL_TIM_PeriodElapsedCallback  main.o
    0x08003024   0x08003024   0x00000002   Code   RO         2276    i.HAL_TIM_TriggerCallback  stm32f4xx_hal_tim.o
    0x08003026   0x08003026   0x00000002   Code   RO         3178    i.HAL_UARTEx_RxEventCallback  stm32f4xx_hal_uart.o
    0x08003028   0x08003028   0x0000008a   Code   RO         3190    i.HAL_UART_DMAStop  stm32f4xx_hal_uart.o
    0x080030b2   0x080030b2   0x00000002   Code   RO         3192    i.HAL_UART_ErrorCallback  stm32f4xx_hal_uart.o
    0x080030b4   0x080030b4   0x000002e0   Code   RO         3195    i.HAL_UART_IRQHandler  stm32f4xx_hal_uart.o
    0x08003394   0x08003394   0x00000072   Code   RO         3196    i.HAL_UART_Init     stm32f4xx_hal_uart.o
    0x08003406   0x08003406   0x00000002   PAD
    0x08003408   0x08003408   0x000001b8   Code   RO          536    i.HAL_UART_MspInit  usart.o
    0x080035c0   0x080035c0   0x00000042   Code   RO         3200    i.HAL_UART_Receive_DMA  stm32f4xx_hal_uart.o
    0x08003602   0x08003602   0x00000002   Code   RO         3202    i.HAL_UART_RxCpltCallback  stm32f4xx_hal_uart.o
    0x08003604   0x08003604   0x00000002   Code   RO         3203    i.HAL_UART_RxHalfCpltCallback  stm32f4xx_hal_uart.o
    0x08003606   0x08003606   0x000000d2   Code   RO         3204    i.HAL_UART_Transmit  stm32f4xx_hal_uart.o
    0x080036d8   0x080036d8   0x00000002   Code   RO         3207    i.HAL_UART_TxCpltCallback  stm32f4xx_hal_uart.o
    0x080036da   0x080036da   0x00000004   Code   RO          597    i.HardFault_Handler  stm32f4xx_it.o
    0x080036de   0x080036de   0x00000002   PAD
    0x080036e0   0x080036e0   0x0000003c   Code   RO         5214    i.IIC_Ack           iic.o
    0x0800371c   0x0800371c   0x0000000e   Code   RO         5216    i.IIC_Delay         iic.o
    0x0800372a   0x0800372a   0x00000002   PAD
    0x0800372c   0x0800372c   0x00000048   Code   RO         5217    i.IIC_GPIO_Init     iic.o
    0x08003774   0x08003774   0x00000034   Code   RO         5218    i.IIC_NAck          iic.o
    0x080037a8   0x080037a8   0x00000054   Code   RO         5219    i.IIC_Read_Byte     iic.o
    0x080037fc   0x080037fc   0x00000064   Code   RO         5220    i.IIC_Send_Byte     iic.o
    0x08003860   0x08003860   0x0000003c   Code   RO         5221    i.IIC_Start         iic.o
    0x0800389c   0x0800389c   0x0000002c   Code   RO         5222    i.IIC_Stop          iic.o
    0x080038c8   0x080038c8   0x00000044   Code   RO         5223    i.IIC_Wait_Ack      iic.o
    0x0800390c   0x0800390c   0x00000058   Code   RO          282    i.IMUwuhu           freertos.o
    0x08003964   0x08003964   0x00000050   Code   RO         5850    i.MPU_Get_Accelerometer  mpu6050.o
    0x080039b4   0x080039b4   0x00000050   Code   RO         5851    i.MPU_Get_Gyroscope  mpu6050.o
    0x08003a04   0x08003a04   0x0000007a   Code   RO         5853    i.MPU_Init          mpu6050.o
    0x08003a7e   0x08003a7e   0x0000003a   Code   RO         5854    i.MPU_Read_Byte     mpu6050.o
    0x08003ab8   0x08003ab8   0x00000074   Code   RO         5855    i.MPU_Read_Len      mpu6050.o
    0x08003b2c   0x08003b2c   0x00000010   Code   RO         5856    i.MPU_Set_Accel_Fsr  mpu6050.o
    0x08003b3c   0x08003b3c   0x00000010   Code   RO         5857    i.MPU_Set_Gyro_Fsr  mpu6050.o
    0x08003b4c   0x08003b4c   0x0000003a   Code   RO         5858    i.MPU_Set_LPF       mpu6050.o
    0x08003b86   0x08003b86   0x0000003a   Code   RO         5859    i.MPU_Set_Rate      mpu6050.o
    0x08003bc0   0x08003bc0   0x00000044   Code   RO         5860    i.MPU_Write_Byte    mpu6050.o
    0x08003c04   0x08003c04   0x00000060   Code   RO         5861    i.MPU_Write_Len     mpu6050.o
    0x08003c64   0x08003c64   0x00000048   Code   RO          416    i.MX_CAN1_Init      can.o
    0x08003cac   0x08003cac   0x00000048   Code   RO          417    i.MX_CAN2_Init      can.o
    0x08003cf4   0x08003cf4   0x00000048   Code   RO          463    i.MX_DMA_Init       dma.o
    0x08003d3c   0x08003d3c   0x00000124   Code   RO          283    i.MX_FREERTOS_Init  freertos.o
    0x08003e60   0x08003e60   0x00000134   Code   RO          257    i.MX_GPIO_Init      gpio.o
    0x08003f94   0x08003f94   0x000000a0   Code   RO          490    i.MX_TIM2_Init      tim.o
    0x08004034   0x08004034   0x00000038   Code   RO          537    i.MX_UART4_Init     usart.o
    0x0800406c   0x0800406c   0x00000040   Code   RO          538    i.MX_USART2_UART_Init  usart.o
    0x080040ac   0x080040ac   0x00000004   Code   RO          598    i.MemManage_Handler  stm32f4xx_it.o
    0x080040b0   0x080040b0   0x00000004   Code   RO          599    i.NMI_Handler       stm32f4xx_it.o
    0x080040b4   0x080040b4   0x000002a4   Code   RO         5156    i.PID_calc          pid.o
    0x08004358   0x08004358   0x00000060   Code   RO         5158    i.PID_init          pid.o
    0x080043b8   0x080043b8   0x0000000a   Code   RO          285    i.StartDefaultTask  freertos.o
    0x080043c2   0x080043c2   0x00000002   PAD
    0x080043c4   0x080043c4   0x000000f0   Code   RO          286    i.StartTask06       freertos.o
    0x080044b4   0x080044b4   0x00000070   Code   RO          287    i.StartTask07       freertos.o
    0x08004524   0x08004524   0x00000034   Code   RO         5077    i.SysTick_Handler   port.o
    0x08004558   0x08004558   0x000000b4   Code   RO           16    i.SystemClock_Config  main.o
    0x0800460c   0x0800460c   0x00000014   Code   RO         3535    i.SystemInit        system_stm32f4xx.o
    0x08004620   0x08004620   0x00000010   Code   RO          600    i.TIM1_UP_TIM10_IRQHandler  stm32f4xx_it.o
    0x08004630   0x08004630   0x000000d8   Code   RO         2278    i.TIM_Base_SetConfig  stm32f4xx_hal_tim.o
    0x08004708   0x08004708   0x00000022   Code   RO         2279    i.TIM_CCxChannelCmd  stm32f4xx_hal_tim.o
    0x0800472a   0x0800472a   0x00000016   Code   RO         2289    i.TIM_ETR_SetConfig  stm32f4xx_hal_tim.o
    0x08004740   0x08004740   0x00000012   Code   RO         2290    i.TIM_ITRx_SetConfig  stm32f4xx_hal_tim.o
    0x08004752   0x08004752   0x00000002   PAD
    0x08004754   0x08004754   0x00000070   Code   RO         2291    i.TIM_OC1_SetConfig  stm32f4xx_hal_tim.o
    0x080047c4   0x080047c4   0x0000007c   Code   RO         2292    i.TIM_OC2_SetConfig  stm32f4xx_hal_tim.o
    0x08004840   0x08004840   0x00000078   Code   RO         2293    i.TIM_OC3_SetConfig  stm32f4xx_hal_tim.o
    0x080048b8   0x080048b8   0x00000054   Code   RO         2294    i.TIM_OC4_SetConfig  stm32f4xx_hal_tim.o
    0x0800490c   0x0800490c   0x00000026   Code   RO         2296    i.TIM_TI1_ConfigInputStage  stm32f4xx_hal_tim.o
    0x08004932   0x08004932   0x00000028   Code   RO         2298    i.TIM_TI2_ConfigInputStage  stm32f4xx_hal_tim.o
    0x0800495a   0x0800495a   0x00000002   PAD
    0x0800495c   0x0800495c   0x00000010   Code   RO          601    i.UART4_IRQHandler  stm32f4xx_it.o
    0x0800496c   0x0800496c   0x00000014   Code   RO         3209    i.UART_DMAAbortOnError  stm32f4xx_hal_uart.o
    0x08004980   0x08004980   0x00000050   Code   RO         3210    i.UART_DMAError     stm32f4xx_hal_uart.o
    0x080049d0   0x080049d0   0x000000b0   Code   RO         3211    i.UART_DMAReceiveCplt  stm32f4xx_hal_uart.o
    0x08004a80   0x08004a80   0x00000020   Code   RO         3213    i.UART_DMARxHalfCplt  stm32f4xx_hal_uart.o
    0x08004aa0   0x08004aa0   0x0000006c   Code   RO         3219    i.UART_EndRxTransfer  stm32f4xx_hal_uart.o
    0x08004b0c   0x08004b0c   0x00000020   Code   RO         3220    i.UART_EndTransmit_IT  stm32f4xx_hal_uart.o
    0x08004b2c   0x08004b2c   0x00000026   Code   RO         3221    i.UART_EndTxTransfer  stm32f4xx_hal_uart.o
    0x08004b52   0x08004b52   0x000000f8   Code   RO         3222    i.UART_Receive_IT   stm32f4xx_hal_uart.o
    0x08004c4a   0x08004c4a   0x00000002   PAD
    0x08004c4c   0x08004c4c   0x0000022c   Code   RO         3223    i.UART_SetConfig    stm32f4xx_hal_uart.o
    0x08004e78   0x08004e78   0x000000d0   Code   RO         3224    i.UART_Start_Receive_DMA  stm32f4xx_hal_uart.o
    0x08004f48   0x08004f48   0x00000060   Code   RO         3226    i.UART_Transmit_IT  stm32f4xx_hal_uart.o
    0x08004fa8   0x08004fa8   0x00000092   Code   RO         3227    i.UART_WaitOnFlagUntilTimeout  stm32f4xx_hal_uart.o
    0x0800503a   0x0800503a   0x00000002   PAD
    0x0800503c   0x0800503c   0x00000060   Code   RO          602    i.USART2_IRQHandler  stm32f4xx_it.o
    0x0800509c   0x0800509c   0x00000004   Code   RO          603    i.UsageFault_Handler  stm32f4xx_it.o
    0x080050a0   0x080050a0   0x00000020   Code   RO         6201    i.__0printf$8       mc_w.l(printf8.o)
    0x080050c0   0x080050c0   0x00000030   Code   RO         6301    i.__ARM_fpclassify  m_wm.l(fpclassify.o)
    0x080050f0   0x080050f0   0x00000010   Code   RO         1803    i.__NVIC_GetPriorityGrouping  stm32f4xx_hal_cortex.o
    0x08005100   0x08005100   0x00000028   Code   RO         1804    i.__NVIC_SetPriority  stm32f4xx_hal_cortex.o
    0x08005128   0x08005128   0x00000358   Code   RO         5937    i.__hardfp_acos     m_wm.l(acos.o)
    0x08005480   0x08005480   0x00000360   Code   RO         5951    i.__hardfp_asin     m_wm.l(asin.o)
    0x080057e0   0x080057e0   0x000002d8   Code   RO         6267    i.__hardfp_atan     m_wm.l(atan.o)
    0x08005ab8   0x08005ab8   0x00000200   Code   RO         5965    i.__hardfp_atan2    m_wm.l(atan2.o)
    0x08005cb8   0x08005cb8   0x000000f8   Code   RO         6303    i.__kernel_poly     m_wm.l(poly.o)
    0x08005db0   0x08005db0   0x00000014   Code   RO         6282    i.__mathlib_dbl_infnan  m_wm.l(dunder.o)
    0x08005dc4   0x08005dc4   0x00000014   Code   RO         6283    i.__mathlib_dbl_infnan2  m_wm.l(dunder.o)
    0x08005dd8   0x08005dd8   0x00000020   Code   RO         6284    i.__mathlib_dbl_invalid  m_wm.l(dunder.o)
    0x08005df8   0x08005df8   0x00000020   Code   RO         6287    i.__mathlib_dbl_underflow  m_wm.l(dunder.o)
    0x08005e18   0x08005e18   0x0000000e   Code   RO         6369    i.__scatterload_copy  mc_w.l(handlers.o)
    0x08005e26   0x08005e26   0x00000002   Code   RO         6370    i.__scatterload_null  mc_w.l(handlers.o)
    0x08005e28   0x08005e28   0x0000000e   Code   RO         6371    i.__scatterload_zeroinit  mc_w.l(handlers.o)
    0x08005e36   0x08005e36   0x00000002   PAD
    0x08005e38   0x08005e38   0x0000000c   Code   RO         6345    i.__set_errno       mc_w.l(errno.o)
    0x08005e44   0x08005e44   0x00000404   Code   RO         6208    i._printf_core      mc_w.l(printf8.o)
    0x08006248   0x08006248   0x00000024   Code   RO         6209    i._printf_post_padding  mc_w.l(printf8.o)
    0x0800626c   0x0800626c   0x0000002e   Code   RO         6210    i._printf_pre_padding  mc_w.l(printf8.o)
    0x0800629a   0x0800629a   0x00000002   PAD
    0x0800629c   0x0800629c   0x000000c0   Code   RO         5294    i.accel_self_test   inv_mpu.o
    0x0800635c   0x0800635c   0x00000010   Code   RO         6269    i.atan              m_wm.l(atan.o)
    0x0800636c   0x0800636c   0x0000005c   Code   RO         3571    i.can_filter_init   bsp_can.o
    0x080063c8   0x080063c8   0x00000064   Code   RO         5656    i.decode_gesture    inv_mpu_dmp_motion_driver.o
    0x0800642c   0x0800642c   0x0000003c   Code   RO         5657    i.dmp_enable_6x_lp_quat  inv_mpu_dmp_motion_driver.o
    0x08006468   0x08006468   0x0000021c   Code   RO         5658    i.dmp_enable_feature  inv_mpu_dmp_motion_driver.o
    0x08006684   0x08006684   0x00000058   Code   RO         5659    i.dmp_enable_gyro_cal  inv_mpu_dmp_motion_driver.o
    0x080066dc   0x080066dc   0x0000003c   Code   RO         5660    i.dmp_enable_lp_quat  inv_mpu_dmp_motion_driver.o
    0x08006718   0x08006718   0x00000018   Code   RO         5665    i.dmp_load_motion_driver_firmware  inv_mpu_dmp_motion_driver.o
    0x08006730   0x08006730   0x000001cc   Code   RO         5666    i.dmp_read_fifo     inv_mpu_dmp_motion_driver.o
    0x080068fc   0x080068fc   0x00000130   Code   RO         5669    i.dmp_set_accel_bias  inv_mpu_dmp_motion_driver.o
    0x08006a2c   0x08006a2c   0x00000070   Code   RO         5670    i.dmp_set_fifo_rate  inv_mpu_dmp_motion_driver.o
    0x08006a9c   0x08006a9c   0x00000138   Code   RO         5673    i.dmp_set_orientation  inv_mpu_dmp_motion_driver.o
    0x08006bd4   0x08006bd4   0x00000038   Code   RO         5676    i.dmp_set_shake_reject_thresh  inv_mpu_dmp_motion_driver.o
    0x08006c0c   0x08006c0c   0x00000026   Code   RO         5677    i.dmp_set_shake_reject_time  inv_mpu_dmp_motion_driver.o
    0x08006c32   0x08006c32   0x00000026   Code   RO         5678    i.dmp_set_shake_reject_timeout  inv_mpu_dmp_motion_driver.o
    0x08006c58   0x08006c58   0x00000046   Code   RO         5679    i.dmp_set_tap_axes  inv_mpu_dmp_motion_driver.o
    0x08006c9e   0x08006c9e   0x00000026   Code   RO         5680    i.dmp_set_tap_count  inv_mpu_dmp_motion_driver.o
    0x08006cc4   0x08006cc4   0x000001c0   Code   RO         5681    i.dmp_set_tap_thresh  inv_mpu_dmp_motion_driver.o
    0x08006e84   0x08006e84   0x00000026   Code   RO         5682    i.dmp_set_tap_time  inv_mpu_dmp_motion_driver.o
    0x08006eaa   0x08006eaa   0x00000026   Code   RO         5683    i.dmp_set_tap_time_multi  inv_mpu_dmp_motion_driver.o
    0x08006ed0   0x08006ed0   0x000000a4   Code   RO          288    i.dr16Rx            freertos.o
    0x08006f74   0x08006f74   0x00000018   Code   RO         6297    i.fabs              m_wm.l(fabs.o)
    0x08006f8c   0x08006f8c   0x0000001c   Code   RO          539    i.fputc             usart.o
    0x08006fa8   0x08006fa8   0x000000d0   Code   RO         5295    i.get_accel_prod_shift  inv_mpu.o
    0x08007078   0x08007078   0x0000046c   Code   RO         5296    i.get_st_biases     inv_mpu.o
    0x080074e4   0x080074e4   0x0000011c   Code   RO          289    i.gm2               freertos.o
    0x08007600   0x08007600   0x0000000a   Code   RO          290    i.guiling           freertos.o
    0x0800760a   0x0800760a   0x00000002   PAD
    0x0800760c   0x0800760c   0x0000011c   Code   RO         5297    i.gyro_self_test    inv_mpu.o
    0x08007728   0x08007728   0x00000028   Code   RO         5298    i.inv_orientation_matrix_to_scalar  inv_mpu.o
    0x08007750   0x08007750   0x0000004e   Code   RO         5299    i.inv_row_2_scale   inv_mpu.o
    0x0800779e   0x0800779e   0x00000002   PAD
    0x080077a0   0x080077a0   0x00000064   Code   RO          291    i.jbgm              freertos.o
    0x08007804   0x08007804   0x000001d8   Code   RO           17    i.main              main.o
    0x080079dc   0x080079dc   0x0000000e   Code   RO         4642    i.makeFreeRtosPriority  cmsis_os.o
    0x080079ea   0x080079ea   0x00000002   Code   RO         5300    i.mget_ms           inv_mpu.o
    0x080079ec   0x080079ec   0x00000070   Code   RO         5301    i.mpu_configure_fifo  inv_mpu.o
    0x08007a5c   0x08007a5c   0x00000218   Code   RO         5302    i.mpu_dmp_get_data  inv_mpu.o
    0x08007c74   0x08007c74   0x000000a0   Code   RO         5303    i.mpu_dmp_init      inv_mpu.o
    0x08007d14   0x08007d14   0x0000004c   Code   RO         5304    i.mpu_get_accel_fsr  inv_mpu.o
    0x08007d60   0x08007d60   0x00000054   Code   RO         5306    i.mpu_get_accel_sens  inv_mpu.o
    0x08007db4   0x08007db4   0x00000010   Code   RO         5311    i.mpu_get_fifo_config  inv_mpu.o
    0x08007dc4   0x08007dc4   0x00000044   Code   RO         5312    i.mpu_get_gyro_fsr  inv_mpu.o
    0x08007e08   0x08007e08   0x00000060   Code   RO         5314    i.mpu_get_gyro_sens  inv_mpu.o
    0x08007e68   0x08007e68   0x00000050   Code   RO         5316    i.mpu_get_lpf       inv_mpu.o
    0x08007eb8   0x08007eb8   0x00000020   Code   RO         5318    i.mpu_get_sample_rate  inv_mpu.o
    0x08007ed8   0x08007ed8   0x000001f0   Code   RO         5320    i.mpu_init          inv_mpu.o
    0x080080c8   0x080080c8   0x000000b8   Code   RO         5321    i.mpu_load_firmware  inv_mpu.o
    0x08008180   0x08008180   0x000000e0   Code   RO         5322    i.mpu_lp_accel_mode  inv_mpu.o
    0x08008260   0x08008260   0x000000c0   Code   RO         5325    i.mpu_read_fifo_stream  inv_mpu.o
    0x08008320   0x08008320   0x00000080   Code   RO         5326    i.mpu_read_mem      inv_mpu.o
    0x080083a0   0x080083a0   0x000001c8   Code   RO         5329    i.mpu_reset_fifo    inv_mpu.o
    0x08008568   0x08008568   0x0000011c   Code   RO         5330    i.mpu_run_self_test  inv_mpu.o
    0x08008684   0x08008684   0x00000084   Code   RO         5332    i.mpu_set_accel_fsr  inv_mpu.o
    0x08008708   0x08008708   0x0000014c   Code   RO         5333    i.mpu_set_bypass    inv_mpu.o
    0x08008854   0x08008854   0x00000090   Code   RO         5335    i.mpu_set_dmp_state  inv_mpu.o
    0x080088e4   0x080088e4   0x00000088   Code   RO         5336    i.mpu_set_gyro_fsr  inv_mpu.o
    0x0800896c   0x0800896c   0x0000006c   Code   RO         5337    i.mpu_set_int_latched  inv_mpu.o
    0x080089d8   0x080089d8   0x00000084   Code   RO         5339    i.mpu_set_lpf       inv_mpu.o
    0x08008a5c   0x08008a5c   0x0000009c   Code   RO         5340    i.mpu_set_sample_rate  inv_mpu.o
    0x08008af8   0x08008af8   0x000000d0   Code   RO         5341    i.mpu_set_sensors   inv_mpu.o
    0x08008bc8   0x08008bc8   0x00000080   Code   RO         5342    i.mpu_write_mem     inv_mpu.o
    0x08008c48   0x08008c48   0x00000018   Code   RO         4644    i.osDelay           cmsis_os.o
    0x08008c60   0x08008c60   0x0000000a   Code   RO         4647    i.osKernelStart     cmsis_os.o
    0x08008c6a   0x08008c6a   0x00000028   Code   RO         4656    i.osMessageCreate   cmsis_os.o
    0x08008c92   0x08008c92   0x0000005e   Code   RO         4681    i.osThreadCreate    cmsis_os.o
    0x08008cf0   0x08008cf0   0x00000184   Code   RO          292    i.pidsolvebp        freertos.o
    0x08008e74   0x08008e74   0x0000016c   Code   RO          293    i.pidsolvepitch     freertos.o
    0x08008fe0   0x08008fe0   0x0000012c   Code   RO          294    i.pidsolveyaw       freertos.o
    0x0800910c   0x0800910c   0x000000ac   Code   RO          295    i.pidxy             freertos.o
    0x080091b8   0x080091b8   0x00000098   Code   RO         4307    i.prvAddCurrentTaskToDelayedList  tasks.o
    0x08009250   0x08009250   0x000000b4   Code   RO         4308    i.prvAddNewTaskToReadyList  tasks.o
    0x08009304   0x08009304   0x00000048   Code   RO         4309    i.prvCheckTasksWaitingTermination  tasks.o
    0x0800934c   0x0800934c   0x0000002a   Code   RO         3973    i.prvCopyDataFromQueue  queue.o
    0x08009376   0x08009376   0x0000007e   Code   RO         3974    i.prvCopyDataToQueue  queue.o
    0x080093f4   0x080093f4   0x00000050   Code   RO         4310    i.prvDeleteTCB      tasks.o
    0x08009444   0x08009444   0x0000007c   Code   RO         5009    i.prvHeapInit       heap_4.o
    0x080094c0   0x080094c0   0x00000028   Code   RO         4311    i.prvIdleTask       tasks.o
    0x080094e8   0x080094e8   0x00000026   Code   RO         3977    i.prvInitialiseNewQueue  queue.o
    0x0800950e   0x0800950e   0x000000b4   Code   RO         4312    i.prvInitialiseNewTask  tasks.o
    0x080095c2   0x080095c2   0x00000002   PAD
    0x080095c4   0x080095c4   0x00000068   Code   RO         4313    i.prvInitialiseTaskLists  tasks.o
    0x0800962c   0x0800962c   0x00000068   Code   RO         5010    i.prvInsertBlockIntoFreeList  heap_4.o
    0x08009694   0x08009694   0x0000001a   Code   RO         3978    i.prvIsQueueEmpty   queue.o
    0x080096ae   0x080096ae   0x00000002   PAD
    0x080096b0   0x080096b0   0x00000034   Code   RO         4314    i.prvResetNextTaskUnblockTime  tasks.o
    0x080096e4   0x080096e4   0x00000040   Code   RO         5078    i.prvTaskExitError  port.o
    0x08009724   0x08009724   0x0000007e   Code   RO         3980    i.prvUnlockQueue    queue.o
    0x080097a2   0x080097a2   0x00000002   PAD
    0x080097a4   0x080097a4   0x0000014c   Code   RO         5011    i.pvPortMalloc      heap_4.o
    0x080098f0   0x080098f0   0x0000002c   Code   RO         5079    i.pxPortInitialiseStack  port.o
    0x0800991c   0x0800991c   0x00000082   Code   RO         5343    i.run_self_test     inv_mpu.o
    0x0800999e   0x0800999e   0x00000002   PAD
    0x080099a0   0x080099a0   0x00000090   Code   RO         5344    i.set_int_enable    inv_mpu.o
    0x08009a30   0x08009a30   0x0000006e   Code   RO         6308    i.sqrt              m_wm.l(sqrt.o)
    0x08009a9e   0x08009a9e   0x00000028   Code   RO         3933    i.uxListRemove      list.o
    0x08009ac6   0x08009ac6   0x00000002   PAD
    0x08009ac8   0x08009ac8   0x00000018   Code   RO          296    i.vApplicationGetIdleTaskMemory  freertos.o
    0x08009ae0   0x08009ae0   0x0000001a   Code   RO         3934    i.vListInitialise   list.o
    0x08009afa   0x08009afa   0x00000006   Code   RO         3935    i.vListInitialiseItem  list.o
    0x08009b00   0x08009b00   0x00000034   Code   RO         3936    i.vListInsert       list.o
    0x08009b34   0x08009b34   0x00000018   Code   RO         3937    i.vListInsertEnd    list.o
    0x08009b4c   0x08009b4c   0x00000054   Code   RO         5081    i.vPortEnterCritical  port.o
    0x08009ba0   0x08009ba0   0x0000003c   Code   RO         5082    i.vPortExitCritical  port.o
    0x08009bdc   0x08009bdc   0x000000a4   Code   RO         5012    i.vPortFree         heap_4.o
    0x08009c80   0x08009c80   0x00000028   Code   RO         5083    i.vPortSetupTimerInterrupt  port.o
    0x08009ca8   0x08009ca8   0x00000078   Code   RO         5084    i.vPortValidateInterruptPriority  port.o
    0x08009d20   0x08009d20   0x0000005c   Code   RO         4323    i.vTaskDelay        tasks.o
    0x08009d7c   0x08009d7c   0x000000d4   Code   RO         4324    i.vTaskDelayUntil   tasks.o
    0x08009e50   0x08009e50   0x00000018   Code   RO         4327    i.vTaskInternalSetTimeOutState  tasks.o
    0x08009e68   0x08009e68   0x0000000c   Code   RO         4328    i.vTaskMissedYield  tasks.o
    0x08009e74   0x08009e74   0x00000038   Code   RO         4330    i.vTaskPlaceOnEventList  tasks.o
    0x08009eac   0x08009eac   0x000000b0   Code   RO         4337    i.vTaskStartScheduler  tasks.o
    0x08009f5c   0x08009f5c   0x00000010   Code   RO         4339    i.vTaskSuspendAll   tasks.o
    0x08009f6c   0x08009f6c   0x0000008c   Code   RO         4340    i.vTaskSwitchContext  tasks.o
    0x08009ff8   0x08009ff8   0x00000168   Code   RO         5085    i.xPortStartScheduler  port.o
    0x0800a160   0x0800a160   0x0000005a   Code   RO         3989    i.xQueueGenericCreate  queue.o
    0x0800a1ba   0x0800a1ba   0x000000e0   Code   RO         3990    i.xQueueGenericCreateStatic  queue.o
    0x0800a29a   0x0800a29a   0x00000002   PAD
    0x0800a29c   0x0800a29c   0x00000098   Code   RO         3991    i.xQueueGenericReset  queue.o
    0x0800a334   0x0800a334   0x000000fc   Code   RO         3993    i.xQueueGenericSendFromISR  queue.o
    0x0800a430   0x0800a430   0x00000168   Code   RO         3999    i.xQueueReceive     queue.o
    0x0800a598   0x0800a598   0x0000008c   Code   RO         4342    i.xTaskCheckForTimeOut  tasks.o
    0x0800a624   0x0800a624   0x00000064   Code   RO         4343    i.xTaskCreate       tasks.o
    0x0800a688   0x0800a688   0x000000ba   Code   RO         4344    i.xTaskCreateStatic  tasks.o
    0x0800a742   0x0800a742   0x00000002   PAD
    0x0800a744   0x0800a744   0x00000020   Code   RO         4348    i.xTaskGetSchedulerState  tasks.o
    0x0800a764   0x0800a764   0x0000000c   Code   RO         4349    i.xTaskGetTickCount  tasks.o
    0x0800a770   0x0800a770   0x00000148   Code   RO         4351    i.xTaskIncrementTick  tasks.o
    0x0800a8b8   0x0800a8b8   0x000000c8   Code   RO         4354    i.xTaskPriorityDisinherit  tasks.o
    0x0800a980   0x0800a980   0x00000098   Code   RO         4356    i.xTaskRemoveFromEventList  tasks.o
    0x0800aa18   0x0800aa18   0x00000104   Code   RO         4357    i.xTaskResumeAll    tasks.o
    0x0800ab1c   0x0800ab1c   0x0000010c   Data   RO          298    .constdata          freertos.o
    0x0800ac28   0x0800ac28   0x00000008   Data   RO         1520    .constdata          stm32f4xx_hal_dma.o
    0x0800ac30   0x0800ac30   0x00000018   Data   RO         3536    .constdata          system_stm32f4xx.o
    0x0800ac48   0x0800ac48   0x00000050   Data   RO         5346    .constdata          inv_mpu.o
    0x0800ac98   0x0800ac98   0x00000bf6   Data   RO         5685    .constdata          inv_mpu_dmp_motion_driver.o
    0x0800b88e   0x0800b88e   0x00000002   PAD
    0x0800b890   0x0800b890   0x00000050   Data   RO         5940    .constdata          m_wm.l(acos.o)
    0x0800b8e0   0x0800b8e0   0x00000050   Data   RO         5954    .constdata          m_wm.l(asin.o)
    0x0800b930   0x0800b930   0x00000098   Data   RO         6270    .constdata          m_wm.l(atan.o)
    0x0800b9c8   0x0800b9c8   0x00000008   Data   RO         6305    .constdata          m_wm.l(qnan.o)
    0x0800b9d0   0x0800b9d0   0x00000050   Data   RO          299    .conststring        freertos.o
    0x0800ba20   0x0800ba20   0x0000004d   Data   RO         5347    .conststring        inv_mpu.o
    0x0800ba6d   0x0800ba6d   0x00000003   PAD
    0x0800ba70   0x0800ba70   0x00000020   Data   RO         6367    Region$$Table       anon$$obj.o


    Execution Region RW_IRAM1 (Exec base: 0x20000000, Load base: 0x0800ba90, Size: 0x00004cd8, Max: 0x0001c000, ABSOLUTE, COMPRESSED[0x0000006c])

    Exec Addr    Load Addr    Size         Type   Attr      Idx    E Section Name        Object

    0x20000000   COMPRESSED   0x00000090   Data   RW           19    .data               main.o
    0x20000090   COMPRESSED   0x000000c0   Data   RW          300    .data               freertos.o
    0x20000150   COMPRESSED   0x00000004   Data   RW          419    .data               can.o
    0x20000154   COMPRESSED   0x00000009   Data   RW         1952    .data               stm32f4xx_hal.o
    0x2000015d   COMPRESSED   0x00000003   PAD
    0x20000160   COMPRESSED   0x00000004   Data   RW         3537    .data               system_stm32f4xx.o
    0x20000164   COMPRESSED   0x00000017   Data   RW         3678    .data               can_receive.o
    0x2000017b   COMPRESSED   0x00000001   PAD
    0x2000017c   COMPRESSED   0x0000003c   Data   RW         4360    .data               tasks.o
    0x200001b8   COMPRESSED   0x00000020   Data   RW         5018    .data               heap_4.o
    0x200001d8   COMPRESSED   0x0000000c   Data   RW         5086    .data               port.o
    0x200001e4   COMPRESSED   0x0000000c   Data   RW         5159    .data               pid.o
    0x200001f0   COMPRESSED   0x00000035   Data   RW         5348    .data               inv_mpu.o
    0x20000225   COMPRESSED   0x00000003   PAD
    0x20000228   COMPRESSED   0x00000004   Data   RW         6334    .data               mc_w.l(stdout.o)
    0x2000022c   COMPRESSED   0x00000004   Data   RW         6346    .data               mc_w.l(errno.o)
    0x20000230        -       0x000004a6   Zero   RW           18    .bss                main.o
    0x200006d6   COMPRESSED   0x00000002   PAD
    0x200006d8        -       0x00000254   Zero   RW          297    .bss                freertos.o
    0x2000092c        -       0x00000050   Zero   RW          418    .bss                can.o
    0x2000097c        -       0x00000048   Zero   RW          491    .bss                tim.o
    0x200009c4        -       0x00000148   Zero   RW          540    .bss                usart.o
    0x20000b0c        -       0x00000048   Zero   RW          731    .bss                stm32f4xx_hal_timebase_tim.o
    0x20000b54        -       0x00000080   Zero   RW         3677    .bss                can_receive.o
    0x20000bd4        -       0x000000f0   Zero   RW         4359    .bss                tasks.o
    0x20000cc4        -       0x00003c00   Zero   RW         5017    .bss                heap_4.o
    0x200048c4        -       0x00000010   Zero   RW         5684    .bss                inv_mpu_dmp_motion_driver.o
    0x200048d4   COMPRESSED   0x00000004   PAD
    0x200048d8        -       0x00000400   Zero   RW            1    STACK               startup_stm32f405xx.o


    Execution Region RW_IRAM2 (Exec base: 0x2001c000, Load base: 0x0800bafc, Size: 0x00000000, Max: 0x00004000, ABSOLUTE)

    **** No section assigned to this execution region ****


==============================================================================

Image component sizes


      Code (inc. data)   RO Data    RW Data    ZI Data      Debug   Object Name

        92          8          0          0          0     525646   bsp_can.o
       532         44          0          4         80       2498   can.o
       476         60          0         23        128     552512   can_receive.o
       182          0          0          0          0      23817   cmsis_os.o
        72          4          0          0          0        786   dma.o
         0          0          0          0          0      20012   event_groups.o
      2616        438        348        192        596      13027   freertos.o
       308         20          0          0          0       1091   gpio.o
       724         74          0         32      15360       7459   heap_4.o
       554         40          0          0          0       5495   iic.o
      6910        318        157         53          0      31308   inv_mpu.o
      2824        128       3062          0         16      19838   inv_mpu_dmp_motion_driver.o
       148          0          0          0          0       3602   list.o
       886        148          0        144       1190     692650   main.o
       768          0          0          0          0       7599   mpu6050.o
       772         20          0         12          0       3050   pid.o
      1014         92          0         12          0      12121   port.o
      1436         10          0          0          0      14470   queue.o
        36          8        392          0       1024        844   startup_stm32f405xx.o
       136         24          0          9          0       8766   stm32f4xx_hal.o
      2134          6          0          0          0      14443   stm32f4xx_hal_can.o
       252         22          0          0          0      33710   stm32f4xx_hal_cortex.o
      1436         16          8          0          0       7082   stm32f4xx_hal_dma.o
       528         46          0          0          0       2811   stm32f4xx_hal_gpio.o
        84          6          0          0          0        874   stm32f4xx_hal_msp.o
      1888         94          0          0          0       6321   stm32f4xx_hal_rcc.o
      2392        142          0          0          0      16552   stm32f4xx_hal_tim.o
       184         30          0          0          0       2517   stm32f4xx_hal_tim_ex.o
       160         20          0          0         72       1451   stm32f4xx_hal_timebase_tim.o
      3014         26          0          0          0      17685   stm32f4xx_hal_uart.o
       246         60          0          0          0       8320   stm32f4xx_it.o
         0          0          0          0          0        384   stream_buffer.o
        20          6         24          4          0       1151   system_stm32f4xx.o
      2998        358          0         60        240      27886   tasks.o
       300         18          0          0         72       2412   tim.o
       588         62          0          0        328       3210   usart.o

    ----------------------------------------------------------------------
     36758       2348       4028        552      19112    2093400   Object Totals
         0          0         32          0          0          0   (incl. Generated)
        48          0          5          7          6          0   (incl. Padding)

    ----------------------------------------------------------------------

      Code (inc. data)   RO Data    RW Data    ZI Data      Debug   Library Member Name

       856        118         80          0          0        288   acos.o
       864         94         80          0          0        280   asin.o
       744        106        152          0          0        352   atan.o
       512         64          0          0          0        208   atan2.o
       104         16          0          0          0        496   dunder.o
        24          0          0          0          0        124   fabs.o
        48          0          0          0          0        124   fpclassify.o
       248          0          0          0          0        152   poly.o
         0          0          8          0          0          0   qnan.o
       110          0          0          0          0        148   sqrt.o
        86          0          0          0          0          0   __dczerorl2.o
         0          0          0          0          0          0   entry.o
         0          0          0          0          0          0   entry10a.o
         0          0          0          0          0          0   entry11a.o
         4          0          0          0          0          0   entry12b.o
         8          4          0          0          0          0   entry2.o
         4          0          0          0          0          0   entry5.o
         0          0          0          0          0          0   entry7b.o
         0          0          0          0          0          0   entry8b.o
         8          4          0          0          0          0   entry9a.o
        12          6          0          4          0         68   errno.o
        30          0          0          0          0          0   handlers.o
        36          8          0          0          0         68   init.o
         0          0          0          0          0          0   iusefp.o
        98          0          0          0          0         84   ldiv.o
        30          0          0          0          0         68   llshl.o
        36          0          0          0          0         68   llsshr.o
        32          0          0          0          0         68   llushr.o
        26          0          0          0          0         80   memcmp.o
        36          0          0          0          0         68   memcpya.o
        36          0          0          0          0        108   memseta.o
      1142         54          0          0          0        352   printf8.o
         0          0          0          4          0          0   stdout.o
        98          0          0          0          0         92   uldiv.o
        48          0          0          0          0         68   cdcmple.o
        56          0          0          0          0         88   d2f.o
       334          0          0          0          0        148   dadd.o
       222          0          0          0          0        100   ddiv.o
       186          0          0          0          0        176   depilogue.o
        34          0          0          0          0         76   dflti.o
       228          0          0          0          0         96   dmul.o
       162          0          0          0          0        100   dsqrt.o
        38          0          0          0          0         68   f2d.o
       110          0          0          0          0        168   fepilogue.o

    ----------------------------------------------------------------------
      6654        474        320          8          0       4384   Library Totals
         4          0          0          0          0          0   (incl. Padding)

    ----------------------------------------------------------------------

      Code (inc. data)   RO Data    RW Data    ZI Data      Debug   Library Name

      3510        398        320          0          0       2172   m_wm.l
      1722         76          0          8          0       1124   mc_w.l
      1418          0          0          0          0       1088   mf_w.l

    ----------------------------------------------------------------------
      6654        474        320          8          0       4384   Library Totals

    ----------------------------------------------------------------------

==============================================================================


      Code (inc. data)   RO Data    RW Data    ZI Data      Debug   

     43412       2822       4348        560      19112    2068476   Grand Totals
     43412       2822       4348        108      19112    2068476   ELF Image Totals (compressed)
     43412       2822       4348        108          0          0   ROM Totals

==============================================================================

    Total RO  Size (Code + RO Data)                47760 (  46.64kB)
    Total RW  Size (RW Data + ZI Data)             19672 (  19.21kB)
    Total ROM Size (Code + RO Data + RW Data)      47868 (  46.75kB)

==============================================================================

